Archive member included to satisfy reference by file (symbol)

c:/st/stm32cubeide_1.7.0/stm32cubeide/plugins/com.st.stm32cube.ide.mcu.externaltools.gnu-tools-for-stm32.9-2020-q2-update.win32_2.0.0.202105311346/tools/bin/../lib/gcc/arm-none-eabi/9.3.1/../../../../arm-none-eabi/lib/thumb/v7-m/nofp\libc_nano.a(lib_a-atoi.o)
                              ./Core/Modules/pc_serial_com/pc_serial_com.o (atoi)
c:/st/stm32cubeide_1.7.0/stm32cubeide/plugins/com.st.stm32cube.ide.mcu.externaltools.gnu-tools-for-stm32.9-2020-q2-update.win32_2.0.0.202105311346/tools/bin/../lib/gcc/arm-none-eabi/9.3.1/../../../../arm-none-eabi/lib/thumb/v7-m/nofp\libc_nano.a(lib_a-errno.o)
                              ./Core/Src/syscalls.o (__errno)
c:/st/stm32cubeide_1.7.0/stm32cubeide/plugins/com.st.stm32cube.ide.mcu.externaltools.gnu-tools-for-stm32.9-2020-q2-update.win32_2.0.0.202105311346/tools/bin/../lib/gcc/arm-none-eabi/9.3.1/../../../../arm-none-eabi/lib/thumb/v7-m/nofp\libc_nano.a(lib_a-exit.o)
                              c:/st/stm32cubeide_1.7.0/stm32cubeide/plugins/com.st.stm32cube.ide.mcu.externaltools.gnu-tools-for-stm32.9-2020-q2-update.win32_2.0.0.202105311346/tools/bin/../lib/gcc/arm-none-eabi/9.3.1/../../../../arm-none-eabi/lib/thumb/v7-m/nofp/crt0.o (exit)
c:/st/stm32cubeide_1.7.0/stm32cubeide/plugins/com.st.stm32cube.ide.mcu.externaltools.gnu-tools-for-stm32.9-2020-q2-update.win32_2.0.0.202105311346/tools/bin/../lib/gcc/arm-none-eabi/9.3.1/../../../../arm-none-eabi/lib/thumb/v7-m/nofp\libc_nano.a(lib_a-impure.o)
                              c:/st/stm32cubeide_1.7.0/stm32cubeide/plugins/com.st.stm32cube.ide.mcu.externaltools.gnu-tools-for-stm32.9-2020-q2-update.win32_2.0.0.202105311346/tools/bin/../lib/gcc/arm-none-eabi/9.3.1/../../../../arm-none-eabi/lib/thumb/v7-m/nofp\libc_nano.a(lib_a-exit.o) (_global_impure_ptr)
c:/st/stm32cubeide_1.7.0/stm32cubeide/plugins/com.st.stm32cube.ide.mcu.externaltools.gnu-tools-for-stm32.9-2020-q2-update.win32_2.0.0.202105311346/tools/bin/../lib/gcc/arm-none-eabi/9.3.1/../../../../arm-none-eabi/lib/thumb/v7-m/nofp\libc_nano.a(lib_a-init.o)
                              c:/st/stm32cubeide_1.7.0/stm32cubeide/plugins/com.st.stm32cube.ide.mcu.externaltools.gnu-tools-for-stm32.9-2020-q2-update.win32_2.0.0.202105311346/tools/bin/../lib/gcc/arm-none-eabi/9.3.1/../../../../arm-none-eabi/lib/thumb/v7-m/nofp/crt0.o (__libc_init_array)
c:/st/stm32cubeide_1.7.0/stm32cubeide/plugins/com.st.stm32cube.ide.mcu.externaltools.gnu-tools-for-stm32.9-2020-q2-update.win32_2.0.0.202105311346/tools/bin/../lib/gcc/arm-none-eabi/9.3.1/../../../../arm-none-eabi/lib/thumb/v7-m/nofp\libc_nano.a(lib_a-memcpy-stub.o)
                              ./Core/lib/ssd1306/ssd1306.o (memcpy)
c:/st/stm32cubeide_1.7.0/stm32cubeide/plugins/com.st.stm32cube.ide.mcu.externaltools.gnu-tools-for-stm32.9-2020-q2-update.win32_2.0.0.202105311346/tools/bin/../lib/gcc/arm-none-eabi/9.3.1/../../../../arm-none-eabi/lib/thumb/v7-m/nofp\libc_nano.a(lib_a-memmove.o)
                              ./Core/lib/ssd1306/ssd1306_tests.o (memmove)
c:/st/stm32cubeide_1.7.0/stm32cubeide/plugins/com.st.stm32cube.ide.mcu.externaltools.gnu-tools-for-stm32.9-2020-q2-update.win32_2.0.0.202105311346/tools/bin/../lib/gcc/arm-none-eabi/9.3.1/../../../../arm-none-eabi/lib/thumb/v7-m/nofp\libc_nano.a(lib_a-memset.o)
                              c:/st/stm32cubeide_1.7.0/stm32cubeide/plugins/com.st.stm32cube.ide.mcu.externaltools.gnu-tools-for-stm32.9-2020-q2-update.win32_2.0.0.202105311346/tools/bin/../lib/gcc/arm-none-eabi/9.3.1/../../../../arm-none-eabi/lib/thumb/v7-m/nofp/crt0.o (memset)
c:/st/stm32cubeide_1.7.0/stm32cubeide/plugins/com.st.stm32cube.ide.mcu.externaltools.gnu-tools-for-stm32.9-2020-q2-update.win32_2.0.0.202105311346/tools/bin/../lib/gcc/arm-none-eabi/9.3.1/../../../../arm-none-eabi/lib/thumb/v7-m/nofp\libc_nano.a(lib_a-snprintf.o)
                              ./Core/lib/ssd1306/ssd1306_tests.o (snprintf)
c:/st/stm32cubeide_1.7.0/stm32cubeide/plugins/com.st.stm32cube.ide.mcu.externaltools.gnu-tools-for-stm32.9-2020-q2-update.win32_2.0.0.202105311346/tools/bin/../lib/gcc/arm-none-eabi/9.3.1/../../../../arm-none-eabi/lib/thumb/v7-m/nofp\libc_nano.a(lib_a-sprintf.o)
                              ./Core/Modules/pc_serial_com/pc_serial_com.o (sprintf)
c:/st/stm32cubeide_1.7.0/stm32cubeide/plugins/com.st.stm32cube.ide.mcu.externaltools.gnu-tools-for-stm32.9-2020-q2-update.win32_2.0.0.202105311346/tools/bin/../lib/gcc/arm-none-eabi/9.3.1/../../../../arm-none-eabi/lib/thumb/v7-m/nofp\libc_nano.a(lib_a-strlen.o)
                              ./Core/Modules/pc_serial_com/pc_serial_com.o (strlen)
c:/st/stm32cubeide_1.7.0/stm32cubeide/plugins/com.st.stm32cube.ide.mcu.externaltools.gnu-tools-for-stm32.9-2020-q2-update.win32_2.0.0.202105311346/tools/bin/../lib/gcc/arm-none-eabi/9.3.1/../../../../arm-none-eabi/lib/thumb/v7-m/nofp\libc_nano.a(lib_a-strtol.o)
[...]
Memory Configuration

Name             Origin             Length             Attributes
RAM              0x0000000020000000 0x0000000000005000 xrw
FLASH            0x0000000008000000 0x0000000000010000 xr
*default*        0x0000000000000000 0xffffffffffffffff

Linker script and memory map

LOAD c:/st/stm32cubeide_1.7.0/stm32cubeide/plugins/com.st.stm32cube.ide.mcu.externaltools.gnu-tools-for-stm32.9-2020-q2-update.win32_2.0.0.202105311346/tools/bin/../lib/gcc/arm-none-eabi/9.3.1/thumb/v7-m/nofp/crti.o
LOAD c:/st/stm32cubeide_1.7.0/stm32cubeide/plugins/com.st.stm32cube.ide.mcu.externaltools.gnu-tools-for-stm32.9-2020-q2-update.win32_2.0.0.202105311346/tools/bin/../lib/gcc/arm-none-eabi/9.3.1/thumb/v7-m/nofp/crtbegin.o
LOAD c:/st/stm32cubeide_1.7.0/stm32cubeide/plugins/com.st.stm32cube.ide.mcu.externaltools.gnu-tools-for-stm32.9-2020-q2-update.win32_2.0.0.202105311346/tools/bin/../lib/gcc/arm-none-eabi/9.3.1/../../../../arm-none-eabi/lib/thumb/v7-m/nofp/crt0.o
LOAD ./Core/Modules/device_control/device_control.o
LOAD ./Core/Modules/pc_serial_com/pc_serial_com.o
LOAD ./Core/Modules/sensor_manager/sensor_manager.o
LOAD ./Core/Modules/smart_home_system/smart_home_system.o
LOAD ./Core/Modules/touch_button/touch_button.o
LOAD ./Core/Modules/user_interface/user_interface.o
LOAD ./Core/Src/main.o
LOAD ./Core/Src/stm32f1xx_hal_msp.o
LOAD ./Core/Src/stm32f1xx_it.o
LOAD ./Core/Src/syscalls.o
LOAD ./Core/Src/sysmem.o
LOAD ./Core/Src/system_stm32f1xx.o
LOAD ./Core/Startup/startup_stm32f103c8tx.o
LOAD ./Core/lib/DHT11/DHT11.o
LOAD ./Core/lib/ssd1306/ssd1306.o
LOAD ./Core/lib/ssd1306/ssd1306_fonts.o
LOAD ./Core/lib/ssd1306/ssd1306_tests.o
LOAD ./Drivers/STM32F1xx_HAL_Driver/Src/stm32f1xx_hal.o
LOAD ./Drivers/STM32F1xx_HAL_Driver/Src/stm32f1xx_hal_adc.o
LOAD ./Drivers/STM32F1xx_HAL_Driver/Src/stm32f1xx_hal_adc_ex.o
LOAD ./Drivers/STM32F1xx_HAL_Driver/Src/stm32f1xx_hal_cortex.o
LOAD ./Drivers/STM32F1xx_HAL_Driver/Src/stm32f1xx_hal_dma.o
LOAD ./Drivers/STM32F1xx_HAL_Driver/Src/stm32f1xx_hal_exti.o
LOAD ./Drivers/STM32F1xx_HAL_Driver/Src/stm32f1xx_hal_flash.o
LOAD ./Drivers/STM32F1xx_HAL_Driver/Src/stm32f1xx_hal_flash_ex.o
LOAD ./Drivers/STM32F1xx_HAL_Driver/Src/stm32f1xx_hal_gpio.o
LOAD ./Drivers/STM32F1xx_HAL_Driver/Src/stm32f1xx_hal_gpio_ex.o
LOAD ./Drivers/STM32F1xx_HAL_Driver/Src/stm32f1xx_hal_i2c.o
LOAD ./Drivers/STM32F1xx_HAL_Driver/Src/stm32f1xx_hal_pwr.o
LOAD ./Drivers/STM32F1xx_HAL_Driver/Src/stm32f1xx_hal_rcc.o
LOAD ./Drivers/STM32F1xx_HAL_Driver/Src/stm32f1xx_hal_rcc_ex.o
LOAD ./Drivers/STM32F1xx_HAL_Driver/Src/stm32f1xx_hal_tim.o
LOAD ./Drivers/STM32F1xx_HAL_Driver/Src/stm32f1xx_hal_tim_ex.o
LOAD ./Drivers/STM32F1xx_HAL_Driver/Src/stm32f1xx_hal_uart.o
START GROUP
LOAD c:/st/stm32cubeide_1.7.0/stm32cubeide/plugins/com.st.stm32cube.ide.mcu.externaltools.gnu-tools-for-stm32.9-2020-q2-update.win32_2.0.0.202105311346/tools/bin/../lib/gcc/arm-none-eabi/9.3.1/../../../../arm-none-eabi/lib/thumb/v7-m/nofp\libc_nano.a
LOAD c:/st/stm32cubeide_1.7.0/stm32cubeide/plugins/com.st.stm32cube.ide.mcu.externaltools.gnu-tools-for-stm32.9-2020-q2-update.win32_2.0.0.202105311346/tools/bin/../lib/gcc/arm-none-eabi/9.3.1/../../../../arm-none-eabi/lib/thumb/v7-m/nofp\libm.a
END GROUP
START GROUP
LOAD c:/st/stm32cubeide_1.7.0/stm32cubeide/plugins/com.st.stm32cube.ide.mcu.externaltools.gnu-tools-for-stm32.9-2020-q2-update.win32_2.0.0.202105311346/tools/bin/../lib/gcc/arm-none-eabi/9.3.1/thumb/v7-m/nofp\libgcc.a
LOAD c:/st/stm32cubeide_1.7.0/stm32cubeide/plugins/com.st.stm32cube.ide.mcu.externaltools.gnu-tools-for-stm32.9-2020-q2-update.win32_2.0.0.202105311346/tools/bin/../lib/gcc/arm-none-eabi/9.3.1/../../../../arm-none-eabi/lib/thumb/v7-m/nofp\libc_nano.a
END GROUP
START GROUP
LOAD c:/st/stm32cubeide_1.7.0/stm32cubeide/plugins/com.st.stm32cube.ide.mcu.externaltools.gnu-tools-for-stm32.9-2020-q2-update.win32_2.0.0.202105311346/tools/bin/../lib/gcc/arm-none-eabi/9.3.1/thumb/v7-m/nofp\libgcc.a
LOAD c:/st/stm32cubeide_1.7.0/stm32cubeide/plugins/com.st.stm32cube.ide.mcu.externaltools.gnu-tools-for-stm32.9-2020-q2-update.win32_2.0.0.202105311346/tools/bin/../lib/gcc/arm-none-eabi/9.3.1/../../../../arm-none-eabi/lib/thumb/v7-m/nofp\libc_nano.a
LOAD c:/st/stm32cubeide_1.7.0/stm32cubeide/plugins/com.st.stm32cube.ide.mcu.externaltools.gnu-tools-for-stm32.9-2020-q2-update.win32_2.0.0.202105311346/tools/bin/../lib/gcc/arm-none-eabi/9.3.1/../../../../arm-none-eabi/lib/thumb/v7-m/nofp\libnosys.a
END GROUP
START GROUP
LOAD c:/st/stm32cubeide_1.7.0/stm32cubeide/plugins/com.st.stm32cube.ide.mcu.externaltools.gnu-tools-for-stm32.9-2020-q2-update.win32_2.0.0.202105311346/tools/bin/../lib/gcc/arm-none-eabi/9.3.1/thumb/v7-m/nofp\libgcc.a
LOAD c:/st/stm32cubeide_1.7.0/stm32cubeide/plugins/com.st.stm32cube.ide.mcu.externaltools.gnu-tools-for-stm32.9-2020-q2-update.win32_2.0.0.202105311346/tools/bin/../lib/gcc/arm-none-eabi/9.3.1/../../../../arm-none-eabi/lib/thumb/v7-m/nofp\libc_nano.a
LOAD c:/st/stm32cubeide_1.7.0/stm32cubeide/plugins/com.st.stm32cube.ide.mcu.externaltools.gnu-tools-for-stm32.9-2020-q2-update.win32_2.0.0.202105311346/tools/bin/../lib/gcc/arm-none-eabi/9.3.1/../../../../arm-none-eabi/lib/thumb/v7-m/nofp\libnosys.a
END GROUP
LOAD c:/st/stm32cubeide_1.7.0/stm32cubeide/plugins/com.st.stm32cube.ide.mcu.externaltools.gnu-tools-for-stm32.9-2020-q2-update.win32_2.0.0.202105311346/tools/bin/../lib/gcc/arm-none-eabi/9.3.1/thumb/v7-m/nofp/crtend.o
LOAD c:/st/stm32cubeide_1.7.0/stm32cubeide/plugins/com.st.stm32cube.ide.mcu.externaltools.gnu-tools-for-stm32.9-2020-q2-update.win32_2.0.0.202105311346/tools/bin/../lib/gcc/arm-none-eabi/9.3.1/thumb/v7-m/nofp/crtn.o
                0x0000000020005000                _estack = (ORIGIN (RAM) + LENGTH (RAM))
                0x0000000000000200                _Min_Heap_Size = 0x200
                0x0000000000000400                _Min_Stack_Size = 0x400

.isr_vector     0x0000000008000000      0x10c
                0x0000000008000000                . = ALIGN (0x4)
 *(.isr_vector)
 .isr_vector    0x0000000008000000      0x10c ./Core/Startup/startup_stm32f103c8tx.o
                0x0000000008000000                g_pfnVectors
                0x000000000800010c                . = ALIGN (0x4)

.text           0x000000000800010c     0x65a8
                0x000000000800010c                . = ALIGN (0x4)
 *(.text)
 .text          0x000000000800010c       0x40 c:/st/stm32cubeide_1.7.0/stm32cubeide/plugins/com.st.stm32cube.ide.mcu.externaltools.gnu-tools-for-stm32.9-2020-q2-update.win32_2.0.0.202105311346/tools/bin/../lib/gcc/arm-none-eabi/9.3.1/thumb/v7-m/nofp/crtbegin.o
 .text          0x000000000800014c       0x10 c:/st/stm32cubeide_1.7.0/stm32cubeide/plugins/com.st.stm32cube.ide.mcu.externaltools.gnu-tools-for-stm32.9-2020-q2-update.win32_2.0.0.202105311346/tools/bin/../lib/gcc/arm-none-eabi/9.3.1/../../../../arm-none-eabi/lib/thumb/v7-m/nofp\libc_nano.a(lib_a-strlen.o)
                0x000000000800014c                strlen
 *(.text*)
 .text.deviceControlUpdate
                0x000000000800015c      0x134 ./Core/Modules/device_control/device_control.o
                0x000000000800015c                deviceControlUpdate
 .text.PC_Serial_ProcessCommand
                0x0000000008000290      0xa58 ./Core/Modules/pc_serial_com/pc_serial_com.o
                0x0000000008000290                PC_Serial_ProcessCommand
 .text.ReadNumberFromPC
                0x0000000008000ce8       0x70 ./Core/Modules/pc_serial_com/pc_serial_com.o
 .text.sensorManagerInit
                0x0000000008000d58       0x20 ./Core/Modules/sensor_manager/sensor_manager.o
                0x0000000008000d58                sensorManagerInit
 .text.sensorManagerUpdate
                0x0000000008000d78       0xb4 ./Core/Modules/sensor_manager/sensor_manager.o
                0x0000000008000d78                sensorManagerUpdate
 .text.Sensor_Radar_UART_Callback
                0x0000000008000e2c       0x90 ./Core/Modules/sensor_manager/sensor_manager.o
                0x0000000008000e2c                Sensor_Radar_UART_Callback
 .text.Read_LDR
                0x0000000008000ebc       0x34 ./Core/Modules/sensor_manager/sensor_manager.o
 .text.Parse_LD2410_Frame
                0x0000000008000ef0       0x9c ./Core/Modules/sensor_manager/sensor_manager.o
 .text.smartHome_Init
                0x0000000008000f8c       0x10 ./Core/Modules/smart_home_system/smart_home_system.o
                0x0000000008000f8c                smartHome_Init
 .text.smartHome_Run
                0x0000000008000f9c       0x18 ./Core/Modules/smart_home_system/smart_home_system.o
                0x0000000008000f9c                smartHome_Run
 .text.touchButtonUpdate
                0x0000000008000fb4      0x240 ./Core/Modules/touch_button/touch_button.o
                0x0000000008000fb4                touchButtonUpdate
 .text.userInterfaceInit
                0x00000000080011f4       0x78 ./Core/Modules/user_interface/user_interface.o
                0x00000000080011f4                userInterfaceInit
 .text.userInterfaceUpdate
                0x000000000800126c      0x1d0 ./Core/Modules/user_interface/user_interface.o
                0x000000000800126c                userInterfaceUpdate
 .text.main     0x000000000800143c       0x54 ./Core/Src/main.o
                0x000000000800143c                main
 .text.SystemClock_Config
                0x0000000008001490       0xb6 ./Core/Src/main.o
                0x0000000008001490                SystemClock_Config
 *fill*         0x0000000008001546        0x2 
 .text.MX_ADC1_Init
                0x0000000008001548       0x7c ./Core/Src/main.o
 .text.MX_I2C1_Init
                0x00000000080015c4       0x5c ./Core/Src/main.o
 .text.MX_TIM1_Init
                0x0000000008001620       0xa0 ./Core/Src/main.o
 .text.MX_USART1_UART_Init
                0x00000000080016c0       0x54 ./Core/Src/main.o
 .text.MX_USART2_UART_Init
                0x0000000008001714       0x54 ./Core/Src/main.o
 .text.MX_GPIO_Init
                0x0000000008001768       0xe4 ./Core/Src/main.o
 .text.HAL_UART_RxCpltCallback
                0x000000000800184c       0x64 ./Core/Src/main.o
                0x000000000800184c                HAL_UART_RxCpltCallback
 .text.Error_Handler
                0x00000000080018b0        0xa ./Core/Src/main.o
                0x00000000080018b0                Error_Handler
 *fill*         0x00000000080018ba        0x2 
 .text.HAL_MspInit
                0x00000000080018bc       0x64 ./Core/Src/stm32f1xx_hal_msp.o
                0x00000000080018bc                HAL_MspInit
 .text.HAL_ADC_MspInit
                0x0000000008001920       0x78 ./Core/Src/stm32f1xx_hal_msp.o
                0x0000000008001920                HAL_ADC_MspInit
 .text.HAL_I2C_MspInit
                0x0000000008001998       0x7c ./Core/Src/stm32f1xx_hal_msp.o
                0x0000000008001998                HAL_I2C_MspInit
 .text.HAL_TIM_Base_MspInit
                0x0000000008001a14       0x3c ./Core/Src/stm32f1xx_hal_msp.o
                0x0000000008001a14                HAL_TIM_Base_MspInit
 .text.HAL_UART_MspInit
                0x0000000008001a50      0x128 ./Core/Src/stm32f1xx_hal_msp.o
                0x0000000008001a50                HAL_UART_MspInit
 .text.NMI_Handler
                0x0000000008001b78        0x6 ./Core/Src/stm32f1xx_it.o
                0x0000000008001b78                NMI_Handler
 .text.HardFault_Handler
                0x0000000008001b7e        0x6 ./Core/Src/stm32f1xx_it.o
                0x0000000008001b7e                HardFault_Handler
 .text.MemManage_Handler
                0x0000000008001b84        0x6 ./Core/Src/stm32f1xx_it.o
                0x0000000008001b84                MemManage_Handler
 .text.BusFault_Handler
                0x0000000008001b8a        0x6 ./Core/Src/stm32f1xx_it.o
                0x0000000008001b8a                BusFault_Handler
 .text.UsageFault_Handler
                0x0000000008001b90        0x6 ./Core/Src/stm32f1xx_it.o
                0x0000000008001b90                UsageFault_Handler
 .text.SVC_Handler
                0x0000000008001b96        0xc ./Core/Src/stm32f1xx_it.o
                0x0000000008001b96                SVC_Handler
 .text.DebugMon_Handler
                0x0000000008001ba2        0xc ./Core/Src/stm32f1xx_it.o
                0x0000000008001ba2                DebugMon_Handler
 .text.PendSV_Handler
                0x0000000008001bae        0xc ./Core/Src/stm32f1xx_it.o
                0x0000000008001bae                PendSV_Handler
 .text.SysTick_Handler
                0x0000000008001bba        0xc ./Core/Src/stm32f1xx_it.o
                0x0000000008001bba                SysTick_Handler
 *fill*         0x0000000008001bc6        0x2 
 .text.USART1_IRQHandler
                0x0000000008001bc8       0x14 ./Core/Src/stm32f1xx_it.o
                0x0000000008001bc8                USART1_IRQHandler
 .text.USART2_IRQHandler
                0x0000000008001bdc       0x14 ./Core/Src/stm32f1xx_it.o
                0x0000000008001bdc                USART2_IRQHandler
 .text._sbrk    0x0000000008001bf0       0x6c ./Core/Src/sysmem.o
                0x0000000008001bf0                _sbrk
 .text.SystemInit
                0x0000000008001c5c        0xc ./Core/Src/system_stm32f1xx.o
                0x0000000008001c5c                SystemInit
 .text.Reset_Handler
                0x0000000008001c68       0x48 ./Core/Startup/startup_stm32f103c8tx.o
                0x0000000008001c68                Reset_Handler
 .text.Default_Handler
                0x0000000008001cb0        0x2 ./Core/Startup/startup_stm32f103c8tx.o
                0x0000000008001cb0                RTC_Alarm_IRQHandler
                0x0000000008001cb0                EXTI2_IRQHandler
                0x0000000008001cb0                TIM1_CC_IRQHandler
                0x0000000008001cb0                PVD_IRQHandler
                0x0000000008001cb0                EXTI3_IRQHandler
                0x0000000008001cb0                EXTI0_IRQHandler
                0x0000000008001cb0                I2C2_EV_IRQHandler
                0x0000000008001cb0                ADC1_2_IRQHandler
                0x0000000008001cb0                SPI1_IRQHandler
                0x0000000008001cb0                TAMPER_IRQHandler
                0x0000000008001cb0                DMA1_Channel4_IRQHandler
                0x0000000008001cb0                USART3_IRQHandler
                0x0000000008001cb0                RTC_IRQHandler
                0x0000000008001cb0                DMA1_Channel7_IRQHandler
                0x0000000008001cb0                CAN1_RX1_IRQHandler
                0x0000000008001cb0                TIM4_IRQHandler
                0x0000000008001cb0                I2C1_EV_IRQHandler
                0x0000000008001cb0                DMA1_Channel6_IRQHandler
                0x0000000008001cb0                TIM3_IRQHandler
                0x0000000008001cb0                RCC_IRQHandler
                0x0000000008001cb0                TIM1_TRG_COM_IRQHandler
                0x0000000008001cb0                DMA1_Channel1_IRQHandler
                0x0000000008001cb0                Default_Handler
                0x0000000008001cb0                EXTI15_10_IRQHandler
                0x0000000008001cb0                EXTI9_5_IRQHandler
                0x0000000008001cb0                SPI2_IRQHandler
                0x0000000008001cb0                DMA1_Channel5_IRQHandler
                0x0000000008001cb0                EXTI4_IRQHandler
                0x0000000008001cb0                USB_LP_CAN1_RX0_IRQHandler
                0x0000000008001cb0                USB_HP_CAN1_TX_IRQHandler
                0x0000000008001cb0                DMA1_Channel3_IRQHandler
                0x0000000008001cb0                TIM1_UP_IRQHandler
                0x0000000008001cb0                WWDG_IRQHandler
                0x0000000008001cb0                TIM2_IRQHandler
                0x0000000008001cb0                TIM1_BRK_IRQHandler
                0x0000000008001cb0                EXTI1_IRQHandler
                0x0000000008001cb0                I2C2_ER_IRQHandler
                0x0000000008001cb0                DMA1_Channel2_IRQHandler
                0x0000000008001cb0                CAN1_SCE_IRQHandler
                0x0000000008001cb0                FLASH_IRQHandler
                0x0000000008001cb0                I2C1_ER_IRQHandler
                0x0000000008001cb0                USBWakeUp_IRQHandler
 .text.DHT11_Init
                0x0000000008001cb2       0x32 ./Core/lib/DHT11/DHT11.o
                0x0000000008001cb2                DHT11_Init
 .text.microDelay
                0x0000000008001ce4       0x32 ./Core/lib/DHT11/DHT11.o
 *fill*         0x0000000008001d16        0x2 
 .text.DHT11_Start
                0x0000000008001d18      0x118 ./Core/lib/DHT11/DHT11.o
 .text.DHT11_Read
                0x0000000008001e30      0x10c ./Core/lib/DHT11/DHT11.o
 .text.DHT11_Read_Data
                0x0000000008001f3c       0x78 ./Core/lib/DHT11/DHT11.o
                0x0000000008001f3c                DHT11_Read_Data
 .text.ssd1306_Reset
                0x0000000008001fb4        0xc ./Core/lib/ssd1306/ssd1306.o
                0x0000000008001fb4                ssd1306_Reset
 .text.ssd1306_WriteCommand
                0x0000000008001fc0       0x30 ./Core/lib/ssd1306/ssd1306.o
                0x0000000008001fc0                ssd1306_WriteCommand
 .text.ssd1306_WriteData
                0x0000000008001ff0       0x34 ./Core/lib/ssd1306/ssd1306.o
                0x0000000008001ff0                ssd1306_WriteData
 .text.ssd1306_Init
                0x0000000008002024       0xd4 ./Core/lib/ssd1306/ssd1306.o
                0x0000000008002024                ssd1306_Init
 .text.ssd1306_Fill
                0x00000000080020f8       0x30 ./Core/lib/ssd1306/ssd1306.o
                0x00000000080020f8                ssd1306_Fill
 .text.ssd1306_UpdateScreen
                0x0000000008002128       0x50 ./Core/lib/ssd1306/ssd1306.o
                0x0000000008002128                ssd1306_UpdateScreen
 .text.ssd1306_DrawPixel
                0x0000000008002178       0xa4 ./Core/lib/ssd1306/ssd1306.o
                0x0000000008002178                ssd1306_DrawPixel
 .text.ssd1306_WriteChar
                0x000000000800221c      0x124 ./Core/lib/ssd1306/ssd1306.o
                0x000000000800221c                ssd1306_WriteChar
 .text.ssd1306_WriteString
                0x0000000008002340       0x4c ./Core/lib/ssd1306/ssd1306.o
                0x0000000008002340                ssd1306_WriteString
 .text.ssd1306_SetCursor
                0x000000000800238c       0x30 ./Core/lib/ssd1306/ssd1306.o
                0x000000000800238c                ssd1306_SetCursor
 .text.ssd1306_SetContrast
                0x00000000080023bc       0x26 ./Core/lib/ssd1306/ssd1306.o
                0x00000000080023bc                ssd1306_SetContrast
 *fill*         0x00000000080023e2        0x2 
 .text.ssd1306_SetDisplayOn
                0x00000000080023e4       0x3c ./Core/lib/ssd1306/ssd1306.o
                0x00000000080023e4                ssd1306_SetDisplayOn
 .text.HAL_Init
                0x0000000008002420       0x2c ./Drivers/STM32F1xx_HAL_Driver/Src/stm32f1xx_hal.o
                0x0000000008002420                HAL_Init
 .text.HAL_InitTick
                0x000000000800244c       0x60 ./Drivers/STM32F1xx_HAL_Driver/Src/stm32f1xx_hal.o
                0x000000000800244c                HAL_InitTick
 .text.HAL_IncTick
                0x00000000080024ac       0x24 ./Drivers/STM32F1xx_HAL_Driver/Src/stm32f1xx_hal.o
                0x00000000080024ac                HAL_IncTick
 .text.HAL_GetTick
                0x00000000080024d0       0x14 ./Drivers/STM32F1xx_HAL_Driver/Src/stm32f1xx_hal.o
                0x00000000080024d0                HAL_GetTick
 .text.HAL_Delay
                0x00000000080024e4       0x48 ./Drivers/STM32F1xx_HAL_Driver/Src/stm32f1xx_hal.o
                0x00000000080024e4                HAL_Delay
 .text.HAL_ADC_Init
                0x000000000800252c      0x1b0 ./Drivers/STM32F1xx_HAL_Driver/Src/stm32f1xx_hal_adc.o
                0x000000000800252c                HAL_ADC_Init
 .text.HAL_ADC_Start
                0x00000000080026dc      0x15c ./Drivers/STM32F1xx_HAL_Driver/Src/stm32f1xx_hal_adc.o
                0x00000000080026dc                HAL_ADC_Start
 .text.HAL_ADC_Stop
                0x0000000008002838       0x58 ./Drivers/STM32F1xx_HAL_Driver/Src/stm32f1xx_hal_adc.o
                0x0000000008002838                HAL_ADC_Stop
 .text.HAL_ADC_PollForConversion
                0x0000000008002890      0x20c ./Drivers/STM32F1xx_HAL_Driver/Src/stm32f1xx_hal_adc.o
                0x0000000008002890                HAL_ADC_PollForConversion
 .text.HAL_ADC_GetValue
                0x0000000008002a9c       0x18 ./Drivers/STM32F1xx_HAL_Driver/Src/stm32f1xx_hal_adc.o
                0x0000000008002a9c                HAL_ADC_GetValue
 .text.HAL_ADC_ConfigChannel
                0x0000000008002ab4      0x1f0 ./Drivers/STM32F1xx_HAL_Driver/Src/stm32f1xx_hal_adc.o
                0x0000000008002ab4                HAL_ADC_ConfigChannel
 .text.ADC_Enable
                0x0000000008002ca4       0xb4 ./Drivers/STM32F1xx_HAL_Driver/Src/stm32f1xx_hal_adc.o
                0x0000000008002ca4                ADC_Enable
 .text.ADC_ConversionStop_Disable
                0x0000000008002d58       0x82 ./Drivers/STM32F1xx_HAL_Driver/Src/stm32f1xx_hal_adc.o
                0x0000000008002d58                ADC_ConversionStop_Disable
 *fill*         0x0000000008002dda        0x2 
 .text.__NVIC_SetPriorityGrouping
                0x0000000008002ddc       0x48 ./Drivers/STM32F1xx_HAL_Driver/Src/stm32f1xx_hal_cortex.o
 .text.__NVIC_GetPriorityGrouping
                0x0000000008002e24       0x1c ./Drivers/STM32F1xx_HAL_Driver/Src/stm32f1xx_hal_cortex.o
 .text.__NVIC_EnableIRQ
                0x0000000008002e40       0x38 ./Drivers/STM32F1xx_HAL_Driver/Src/stm32f1xx_hal_cortex.o
 .text.__NVIC_SetPriority
                0x0000000008002e78       0x54 ./Drivers/STM32F1xx_HAL_Driver/Src/stm32f1xx_hal_cortex.o
 .text.NVIC_EncodePriority
                0x0000000008002ecc       0x64 ./Drivers/STM32F1xx_HAL_Driver/Src/stm32f1xx_hal_cortex.o
 .text.SysTick_Config
                0x0000000008002f30       0x44 ./Drivers/STM32F1xx_HAL_Driver/Src/stm32f1xx_hal_cortex.o
 .text.HAL_NVIC_SetPriorityGrouping
                0x0000000008002f74       0x16 ./Drivers/STM32F1xx_HAL_Driver/Src/stm32f1xx_hal_cortex.o
                0x0000000008002f74                HAL_NVIC_SetPriorityGrouping
 .text.HAL_NVIC_SetPriority
                0x0000000008002f8a       0x38 ./Drivers/STM32F1xx_HAL_Driver/Src/stm32f1xx_hal_cortex.o
                0x0000000008002f8a                HAL_NVIC_SetPriority
 .text.HAL_NVIC_EnableIRQ
                0x0000000008002fc2       0x1c ./Drivers/STM32F1xx_HAL_Driver/Src/stm32f1xx_hal_cortex.o
                0x0000000008002fc2                HAL_NVIC_EnableIRQ
 .text.HAL_SYSTICK_Config
                0x0000000008002fde       0x18 ./Drivers/STM32F1xx_HAL_Driver/Src/stm32f1xx_hal_cortex.o
                0x0000000008002fde                HAL_SYSTICK_Config
 .text.HAL_DMA_Abort
                0x0000000008002ff6       0x76 ./Drivers/STM32F1xx_HAL_Driver/Src/stm32f1xx_hal_dma.o
                0x0000000008002ff6                HAL_DMA_Abort
 .text.HAL_DMA_Abort_IT
                0x000000000800306c       0xf0 ./Drivers/STM32F1xx_HAL_Driver/Src/stm32f1xx_hal_dma.o
                0x000000000800306c                HAL_DMA_Abort_IT
 .text.HAL_GPIO_Init
                0x000000000800315c      0x308 ./Drivers/STM32F1xx_HAL_Driver/Src/stm32f1xx_hal_gpio.o
                0x000000000800315c                HAL_GPIO_Init
 .text.HAL_GPIO_ReadPin
                0x0000000008003464       0x2e ./Drivers/STM32F1xx_HAL_Driver/Src/stm32f1xx_hal_gpio.o
                0x0000000008003464                HAL_GPIO_ReadPin
 .text.HAL_GPIO_WritePin
                0x0000000008003492       0x30 ./Drivers/STM32F1xx_HAL_Driver/Src/stm32f1xx_hal_gpio.o
                0x0000000008003492                HAL_GPIO_WritePin
 *fill*         0x00000000080034c2        0x2 
 .text.HAL_I2C_Init
                0x00000000080034c4      0x288 ./Drivers/STM32F1xx_HAL_Driver/Src/stm32f1xx_hal_i2c.o
                0x00000000080034c4                HAL_I2C_Init
 .text.HAL_I2C_Mem_Write
                0x000000000800374c      0x1f4 ./Drivers/STM32F1xx_HAL_Driver/Src/stm32f1xx_hal_i2c.o
                0x000000000800374c                HAL_I2C_Mem_Write
 .text.I2C_RequestMemoryWrite
                0x0000000008003940      0x12c ./Drivers/STM32F1xx_HAL_Driver/Src/stm32f1xx_hal_i2c.o
 .text.I2C_WaitOnFlagUntilTimeout
                0x0000000008003a6c       0xf4 ./Drivers/STM32F1xx_HAL_Driver/Src/stm32f1xx_hal_i2c.o
 .text.I2C_WaitOnMasterAddressFlagUntilTimeout
                0x0000000008003b60      0x140 ./Drivers/STM32F1xx_HAL_Driver/Src/stm32f1xx_hal_i2c.o
 .text.I2C_WaitOnTXEFlagUntilTimeout
                0x0000000008003ca0       0x90 ./Drivers/STM32F1xx_HAL_Driver/Src/stm32f1xx_hal_i2c.o
 .text.I2C_WaitOnBTFFlagUntilTimeout
                0x0000000008003d30       0x90 ./Drivers/STM32F1xx_HAL_Driver/Src/stm32f1xx_hal_i2c.o
 .text.I2C_IsAcknowledgeFailed
                0x0000000008003dc0       0x5c ./Drivers/STM32F1xx_HAL_Driver/Src/stm32f1xx_hal_i2c.o
 .text.HAL_RCC_OscConfig
                0x0000000008003e1c      0x500 ./Drivers/STM32F1xx_HAL_Driver/Src/stm32f1xx_hal_rcc.o
                0x0000000008003e1c                HAL_RCC_OscConfig
 .text.HAL_RCC_ClockConfig
                0x000000000800431c      0x1d4 ./Drivers/STM32F1xx_HAL_Driver/Src/stm32f1xx_hal_rcc.o
                0x000000000800431c                HAL_RCC_ClockConfig
 .text.HAL_RCC_GetSysClockFreq
                0x00000000080044f0       0xa8 ./Drivers/STM32F1xx_HAL_Driver/Src/stm32f1xx_hal_rcc.o
                0x00000000080044f0                HAL_RCC_GetSysClockFreq
 .text.HAL_RCC_GetHCLKFreq
                0x0000000008004598       0x14 ./Drivers/STM32F1xx_HAL_Driver/Src/stm32f1xx_hal_rcc.o
                0x0000000008004598                HAL_RCC_GetHCLKFreq
 .text.HAL_RCC_GetPCLK1Freq
                0x00000000080045ac       0x28 ./Drivers/STM32F1xx_HAL_Driver/Src/stm32f1xx_hal_rcc.o
                0x00000000080045ac                HAL_RCC_GetPCLK1Freq
 .text.HAL_RCC_GetPCLK2Freq
                0x00000000080045d4       0x28 ./Drivers/STM32F1xx_HAL_Driver/Src/stm32f1xx_hal_rcc.o
                0x00000000080045d4                HAL_RCC_GetPCLK2Freq
 .text.RCC_Delay
                0x00000000080045fc       0x3c ./Drivers/STM32F1xx_HAL_Driver/Src/stm32f1xx_hal_rcc.o
 .text.HAL_RCCEx_PeriphCLKConfig
                0x0000000008004638      0x16c ./Drivers/STM32F1xx_HAL_Driver/Src/stm32f1xx_hal_rcc_ex.o
                0x0000000008004638                HAL_RCCEx_PeriphCLKConfig
 .text.HAL_RCCEx_GetPeriphCLKFreq
                0x00000000080047a4      0x16c ./Drivers/STM32F1xx_HAL_Driver/Src/stm32f1xx_hal_rcc_ex.o
                0x00000000080047a4                HAL_RCCEx_GetPeriphCLKFreq
 .text.HAL_TIM_Base_Init
                0x0000000008004910       0x9e ./Drivers/STM32F1xx_HAL_Driver/Src/stm32f1xx_hal_tim.o
                0x0000000008004910                HAL_TIM_Base_Init
 *fill*         0x00000000080049ae        0x2 
 .text.HAL_TIM_Base_Start
                0x00000000080049b0       0x94 ./Drivers/STM32F1xx_HAL_Driver/Src/stm32f1xx_hal_tim.o
                0x00000000080049b0                HAL_TIM_Base_Start
 .text.HAL_TIM_ConfigClockSource
                0x0000000008004a44      0x18e ./Drivers/STM32F1xx_HAL_Driver/Src/stm32f1xx_hal_tim.o
                0x0000000008004a44                HAL_TIM_ConfigClockSource
 *fill*         0x0000000008004bd2        0x2 
 .text.TIM_Base_SetConfig
                0x0000000008004bd4       0xdc ./Drivers/STM32F1xx_HAL_Driver/Src/stm32f1xx_hal_tim.o
                0x0000000008004bd4                TIM_Base_SetConfig
 .text.TIM_TI1_ConfigInputStage
                0x0000000008004cb0       0x5c ./Drivers/STM32F1xx_HAL_Driver/Src/stm32f1xx_hal_tim.o
 .text.TIM_TI2_ConfigInputStage
                0x0000000008004d0c       0x5e ./Drivers/STM32F1xx_HAL_Driver/Src/stm32f1xx_hal_tim.o
 .text.TIM_ITRx_SetConfig
                0x0000000008004d6a       0x34 ./Drivers/STM32F1xx_HAL_Driver/Src/stm32f1xx_hal_tim.o
 .text.TIM_ETR_SetConfig
                0x0000000008004d9e       0x3e ./Drivers/STM32F1xx_HAL_Driver/Src/stm32f1xx_hal_tim.o
                0x0000000008004d9e                TIM_ETR_SetConfig
 .text.HAL_TIMEx_MasterConfigSynchronization
                0x0000000008004ddc       0xbc ./Drivers/STM32F1xx_HAL_Driver/Src/stm32f1xx_hal_tim_ex.o
                0x0000000008004ddc                HAL_TIMEx_MasterConfigSynchronization
 .text.HAL_UART_Init
                0x0000000008004e98       0xa0 ./Drivers/STM32F1xx_HAL_Driver/Src/stm32f1xx_hal_uart.o
                0x0000000008004e98                HAL_UART_Init
 .text.HAL_UART_Transmit
                0x0000000008004f38      0x116 ./Drivers/STM32F1xx_HAL_Driver/Src/stm32f1xx_hal_uart.o
                0x0000000008004f38                HAL_UART_Transmit
 .text.HAL_UART_Receive
                0x000000000800504e      0x12e ./Drivers/STM32F1xx_HAL_Driver/Src/stm32f1xx_hal_uart.o
                0x000000000800504e                HAL_UART_Receive
 .text.HAL_UART_Receive_IT
                0x000000000800517c       0x4a ./Drivers/STM32F1xx_HAL_Driver/Src/stm32f1xx_hal_uart.o
                0x000000000800517c                HAL_UART_Receive_IT
 *fill*         0x00000000080051c6        0x2 
 .text.HAL_UART_IRQHandler
                0x00000000080051c8      0x524 ./Drivers/STM32F1xx_HAL_Driver/Src/stm32f1xx_hal_uart.o
                0x00000000080051c8                HAL_UART_IRQHandler
 .text.HAL_UART_TxCpltCallback
                0x00000000080056ec       0x12 ./Drivers/STM32F1xx_HAL_Driver/Src/stm32f1xx_hal_uart.o
                0x00000000080056ec                HAL_UART_TxCpltCallback
 .text.HAL_UART_ErrorCallback
                0x00000000080056fe       0x12 ./Drivers/STM32F1xx_HAL_Driver/Src/stm32f1xx_hal_uart.o
                0x00000000080056fe                HAL_UART_ErrorCallback
 .text.HAL_UARTEx_RxEventCallback
                0x0000000008005710       0x16 ./Drivers/STM32F1xx_HAL_Driver/Src/stm32f1xx_hal_uart.o
                0x0000000008005710                HAL_UARTEx_RxEventCallback
 .text.UART_WaitOnFlagUntilTimeout
                0x0000000008005726       0xb2 ./Drivers/STM32F1xx_HAL_Driver/Src/stm32f1xx_hal_uart.o
 .text.UART_Start_Receive_IT
                0x00000000080057d8       0x72 ./Drivers/STM32F1xx_HAL_Driver/Src/stm32f1xx_hal_uart.o
                0x00000000080057d8                UART_Start_Receive_IT
 .text.UART_EndRxTransfer
                0x000000000800584a       0xc4 ./Drivers/STM32F1xx_HAL_Driver/Src/stm32f1xx_hal_uart.o
 .text.UART_DMAAbortOnError
                0x000000000800590e       0x28 ./Drivers/STM32F1xx_HAL_Driver/Src/stm32f1xx_hal_uart.o
 .text.UART_Transmit_IT
                0x0000000008005936       0x9e ./Drivers/STM32F1xx_HAL_Driver/Src/stm32f1xx_hal_uart.o
 .text.UART_EndTransmit_IT
                0x00000000080059d4       0x30 ./Drivers/STM32F1xx_HAL_Driver/Src/stm32f1xx_hal_uart.o
 .text.UART_Receive_IT
                0x0000000008005a04      0x17c ./Drivers/STM32F1xx_HAL_Driver/Src/stm32f1xx_hal_uart.o
 .text.UART_SetConfig
                0x0000000008005b80      0x11c ./Drivers/STM32F1xx_HAL_Driver/Src/stm32f1xx_hal_uart.o
 .text.atoi     0x0000000008005c9c        0x8 c:/st/stm32cubeide_1.7.0/stm32cubeide/plugins/com.st.stm32cube.ide.mcu.externaltools.gnu-tools-for-stm32.9-2020-q2-update.win32_2.0.0.202105311346/tools/bin/../lib/gcc/arm-none-eabi/9.3.1/../../../../arm-none-eabi/lib/thumb/v7-m/nofp\libc_nano.a(lib_a-atoi.o)
                0x0000000008005c9c                atoi
 .text.__errno  0x0000000008005ca4        0xc c:/st/stm32cubeide_1.7.0/stm32cubeide/plugins/com.st.stm32cube.ide.mcu.externaltools.gnu-tools-for-stm32.9-2020-q2-update.win32_2.0.0.202105311346/tools/bin/../lib/gcc/arm-none-eabi/9.3.1/../../../../arm-none-eabi/lib/thumb/v7-m/nofp\libc_nano.a(lib_a-errno.o)
                0x0000000008005ca4                __errno
 .text.__libc_init_array
                0x0000000008005cb0       0x48 c:/st/stm32cubeide_1.7.0/stm32cubeide/plugins/com.st.stm32cube.ide.mcu.externaltools.gnu-tools-for-stm32.9-2020-q2-update.win32_2.0.0.202105311346/tools/bin/../lib/gcc/arm-none-eabi/9.3.1/../../../../arm-none-eabi/lib/thumb/v7-m/nofp\libc_nano.a(lib_a-init.o)
                0x0000000008005cb0                __libc_init_array
 .text.memcpy   0x0000000008005cf8       0x1c c:/st/stm32cubeide_1.7.0/stm32cubeide/plugins/com.st.stm32cube.ide.mcu.externaltools.gnu-tools-for-stm32.9-2020-q2-update.win32_2.0.0.202105311346/tools/bin/../lib/gcc/arm-none-eabi/9.3.1/../../../../arm-none-eabi/lib/thumb/v7-m/nofp\libc_nano.a(lib_a-memcpy-stub.o)
                0x0000000008005cf8                memcpy
 .text.memmove  0x0000000008005d14       0x34 c:/st/stm32cubeide_1.7.0/stm32cubeide/plugins/com.st.stm32cube.ide.mcu.externaltools.gnu-tools-for-stm32.9-2020-q2-update.win32_2.0.0.202105311346/tools/bin/../lib/gcc/arm-none-eabi/9.3.1/../../../../arm-none-eabi/lib/thumb/v7-m/nofp\libc_nano.a(lib_a-memmove.o)
                0x0000000008005d14                memmove
 .text.memset   0x0000000008005d48       0x10 c:/st/stm32cubeide_1.7.0/stm32cubeide/plugins/com.st.stm32cube.ide.mcu.externaltools.gnu-tools-for-stm32.9-2020-q2-update.win32_2.0.0.202105311346/tools/bin/../lib/gcc/arm-none-eabi/9.3.1/../../../../arm-none-eabi/lib/thumb/v7-m/nofp\libc_nano.a(lib_a-memset.o)
                0x0000000008005d48                memset
 .text.sprintf  0x0000000008005d58       0x40 c:/st/stm32cubeide_1.7.0/stm32cubeide/plugins/com.st.stm32cube.ide.mcu.externaltools.gnu-tools-for-stm32.9-2020-q2-update.win32_2.0.0.202105311346/tools/bin/../lib/gcc/arm-none-eabi/9.3.1/../../../../arm-none-eabi/lib/thumb/v7-m/nofp\libc_nano.a(lib_a-sprintf.o)
                0x0000000008005d58                siprintf
                0x0000000008005d58                sprintf
 .text._strtol_l.isra.0
                0x0000000008005d98      0x10c c:/st/stm32cubeide_1.7.0/stm32cubeide/plugins/com.st.stm32cube.ide.mcu.externaltools.gnu-tools-for-stm32.9-2020-q2-update.win32_2.0.0.202105311346/tools/bin/../lib/gcc/arm-none-eabi/9.3.1/../../../../arm-none-eabi/lib/thumb/v7-m/nofp\libc_nano.a(lib_a-strtol.o)
 .text.strtol   0x0000000008005ea4       0x14 c:/st/stm32cubeide_1.7.0/stm32cubeide/plugins/com.st.stm32cube.ide.mcu.externaltools.gnu-tools-for-stm32.9-2020-q2-update.win32_2.0.0.202105311346/tools/bin/../lib/gcc/arm-none-eabi/9.3.1/../../../../arm-none-eabi/lib/thumb/v7-m/nofp\libc_nano.a(lib_a-strtol.o)
                0x0000000008005ea4                strtol
 .text.__ssputs_r
                0x0000000008005eb8       0xb6 c:/st/stm32cubeide_1.7.0/stm32cubeide/plugins/com.st.stm32cube.ide.mcu.externaltools.gnu-tools-for-stm32.9-2020-q2-update.win32_2.0.0.202105311346/tools/bin/../lib/gcc/arm-none-eabi/9.3.1/../../../../arm-none-eabi/lib/thumb/v7-m/nofp\libc_nano.a(lib_a-nano-svfprintf.o)
                0x0000000008005eb8                __ssputs_r
 *fill*         0x0000000008005f6e        0x2 
 .text._svfprintf_r
                0x0000000008005f70      0x200 c:/st/stm32cubeide_1.7.0/stm32cubeide/plugins/com.st.stm32cube.ide.mcu.externaltools.gnu-tools-for-stm32.9-2020-q2-update.win32_2.0.0.202105311346/tools/bin/../lib/gcc/arm-none-eabi/9.3.1/../../../../arm-none-eabi/lib/thumb/v7-m/nofp\libc_nano.a(lib_a-nano-svfprintf.o)
                0x0000000008005f70                _svfiprintf_r
                0x0000000008005f70                _svfprintf_r
 .text._printf_common
                0x0000000008006170       0xde c:/st/stm32cubeide_1.7.0/stm32cubeide/plugins/com.st.stm32cube.ide.mcu.externaltools.gnu-tools-for-stm32.9-2020-q2-update.win32_2.0.0.202105311346/tools/bin/../lib/gcc/arm-none-eabi/9.3.1/../../../../arm-none-eabi/lib/thumb/v7-m/nofp\libc_nano.a(lib_a-nano-vfprintf_i.o)
                0x0000000008006170                _printf_common
 *fill*         0x000000000800624e        0x2 
 .text._printf_i
                0x0000000008006250      0x24c c:/st/stm32cubeide_1.7.0/stm32cubeide/plugins/com.st.stm32cube.ide.mcu.externaltools.gnu-tools-for-stm32.9-2020-q2-update.win32_2.0.0.202105311346/tools/bin/../lib/gcc/arm-none-eabi/9.3.1/../../../../arm-none-eabi/lib/thumb/v7-m/nofp\libc_nano.a(lib_a-nano-vfprintf_i.o)
                0x0000000008006250                _printf_i
 .text.memchr   0x000000000800649c       0x1c c:/st/stm32cubeide_1.7.0/stm32cubeide/plugins/com.st.stm32cube.ide.mcu.externaltools.gnu-tools-for-stm32.9-2020-q2-update.win32_2.0.0.202105311346/tools/bin/../lib/gcc/arm-none-eabi/9.3.1/../../../../arm-none-eabi/lib/thumb/v7-m/nofp\libc_nano.a(lib_a-memchr-stub.o)
                0x000000000800649c                memchr
 .text._free_r  0x00000000080064b8       0x98 c:/st/stm32cubeide_1.7.0/stm32cubeide/plugins/com.st.stm32cube.ide.mcu.externaltools.gnu-tools-for-stm32.9-2020-q2-update.win32_2.0.0.202105311346/tools/bin/../lib/gcc/arm-none-eabi/9.3.1/../../../../arm-none-eabi/lib/thumb/v7-m/nofp\libc_nano.a(lib_a-nano-freer.o)
                0x00000000080064b8                _free_r
 .text._malloc_r
                0x0000000008006550       0xb4 c:/st/stm32cubeide_1.7.0/stm32cubeide/plugins/com.st.stm32cube.ide.mcu.externaltools.gnu-tools-for-stm32.9-2020-q2-update.win32_2.0.0.202105311346/tools/bin/../lib/gcc/arm-none-eabi/9.3.1/../../../../arm-none-eabi/lib/thumb/v7-m/nofp\libc_nano.a(lib_a-nano-mallocr.o)
                0x0000000008006550                _malloc_r
 .text._realloc_r
                0x0000000008006604       0x4c c:/st/stm32cubeide_1.7.0/stm32cubeide/plugins/com.st.stm32cube.ide.mcu.externaltools.gnu-tools-for-stm32.9-2020-q2-update.win32_2.0.0.202105311346/tools/bin/../lib/gcc/arm-none-eabi/9.3.1/../../../../arm-none-eabi/lib/thumb/v7-m/nofp\libc_nano.a(lib_a-nano-reallocr.o)
                0x0000000008006604                _realloc_r
 .text._sbrk_r  0x0000000008006650       0x20 c:/st/stm32cubeide_1.7.0/stm32cubeide/plugins/com.st.stm32cube.ide.mcu.externaltools.gnu-tools-for-stm32.9-2020-q2-update.win32_2.0.0.202105311346/tools/bin/../lib/gcc/arm-none-eabi/9.3.1/../../../../arm-none-eabi/lib/thumb/v7-m/nofp\libc_nano.a(lib_a-sbrkr.o)
                0x0000000008006650                _sbrk_r
 .text.__malloc_lock
                0x0000000008006670        0xc c:/st/stm32cubeide_1.7.0/stm32cubeide/plugins/com.st.stm32cube.ide.mcu.externaltools.gnu-tools-for-stm32.9-2020-q2-update.win32_2.0.0.202105311346/tools/bin/../lib/gcc/arm-none-eabi/9.3.1/../../../../arm-none-eabi/lib/thumb/v7-m/nofp\libc_nano.a(lib_a-mlock.o)
                0x0000000008006670                __malloc_lock
 .text.__malloc_unlock
                0x000000000800667c        0xc c:/st/stm32cubeide_1.7.0/stm32cubeide/plugins/com.st.stm32cube.ide.mcu.externaltools.gnu-tools-for-stm32.9-2020-q2-update.win32_2.0.0.202105311346/tools/bin/../lib/gcc/arm-none-eabi/9.3.1/../../../../arm-none-eabi/lib/thumb/v7-m/nofp\libc_nano.a(lib_a-mlock.o)
                0x000000000800667c                __malloc_unlock
 .text._malloc_usable_size_r
                0x0000000008006688       0x10 c:/st/stm32cubeide_1.7.0/stm32cubeide/plugins/com.st.stm32cube.ide.mcu.externaltools.gnu-tools-for-stm32.9-2020-q2-update.win32_2.0.0.202105311346/tools/bin/../lib/gcc/arm-none-eabi/9.3.1/../../../../arm-none-eabi/lib/thumb/v7-m/nofp\libc_nano.a(lib_a-nano-msizer.o)
                0x0000000008006688                _malloc_usable_size_r
 .text.__retarget_lock_acquire_recursive
                0x0000000008006698        0x2 c:/st/stm32cubeide_1.7.0/stm32cubeide/plugins/com.st.stm32cube.ide.mcu.externaltools.gnu-tools-for-stm32.9-2020-q2-update.win32_2.0.0.202105311346/tools/bin/../lib/gcc/arm-none-eabi/9.3.1/../../../../arm-none-eabi/lib/thumb/v7-m/nofp\libc_nano.a(lib_a-lock.o)
                0x0000000008006698                __retarget_lock_acquire_recursive
 .text.__retarget_lock_release_recursive
                0x000000000800669a        0x2 c:/st/stm32cubeide_1.7.0/stm32cubeide/plugins/com.st.stm32cube.ide.mcu.externaltools.gnu-tools-for-stm32.9-2020-q2-update.win32_2.0.0.202105311346/tools/bin/../lib/gcc/arm-none-eabi/9.3.1/../../../../arm-none-eabi/lib/thumb/v7-m/nofp\libc_nano.a(lib_a-lock.o)
                0x000000000800669a                __retarget_lock_release_recursive
 *(.glue_7)
 .glue_7        0x000000000800669c        0x0 linker stubs
 *(.glue_7t)
 .glue_7t       0x000000000800669c        0x0 linker stubs
 *(.eh_frame)
 .eh_frame      0x000000000800669c        0x0 c:/st/stm32cubeide_1.7.0/stm32cubeide/plugins/com.st.stm32cube.ide.mcu.externaltools.gnu-tools-for-stm32.9-2020-q2-update.win32_2.0.0.202105311346/tools/bin/../lib/gcc/arm-none-eabi/9.3.1/thumb/v7-m/nofp/crtbegin.o
 *(.init)
 .init          0x000000000800669c        0x4 c:/st/stm32cubeide_1.7.0/stm32cubeide/plugins/com.st.stm32cube.ide.mcu.externaltools.gnu-tools-for-stm32.9-2020-q2-update.win32_2.0.0.202105311346/tools/bin/../lib/gcc/arm-none-eabi/9.3.1/thumb/v7-m/nofp/crti.o
                0x000000000800669c                _init
 .init          0x00000000080066a0        0x8 c:/st/stm32cubeide_1.7.0/stm32cubeide/plugins/com.st.stm32cube.ide.mcu.externaltools.gnu-tools-for-stm32.9-2020-q2-update.win32_2.0.0.202105311346/tools/bin/../lib/gcc/arm-none-eabi/9.3.1/thumb/v7-m/nofp/crtn.o
 *(.fini)
 .fini          0x00000000080066a8        0x4 c:/st/stm32cubeide_1.7.0/stm32cubeide/plugins/com.st.stm32cube.ide.mcu.externaltools.gnu-tools-for-stm32.9-2020-q2-update.win32_2.0.0.202105311346/tools/bin/../lib/gcc/arm-none-eabi/9.3.1/thumb/v7-m/nofp/crti.o
                0x00000000080066a8                _fini
 .fini          0x00000000080066ac        0x8 c:/st/stm32cubeide_1.7.0/stm32cubeide/plugins/com.st.stm32cube.ide.mcu.externaltools.gnu-tools-for-stm32.9-2020-q2-update.win32_2.0.0.202105311346/tools/bin/../lib/gcc/arm-none-eabi/9.3.1/thumb/v7-m/nofp/crtn.o
                0x00000000080066b4                . = ALIGN (0x4)
                0x00000000080066b4                _etext = .

.vfp11_veneer   0x00000000080066b4        0x0
 .vfp11_veneer  0x00000000080066b4        0x0 linker stubs

.v4_bx          0x00000000080066b4        0x0
 .v4_bx         0x00000000080066b4        0x0 linker stubs

.iplt           0x00000000080066b4        0x0
 .iplt          0x00000000080066b4        0x0 c:/st/stm32cubeide_1.7.0/stm32cubeide/plugins/com.st.stm32cube.ide.mcu.externaltools.gnu-tools-for-stm32.9-2020-q2-update.win32_2.0.0.202105311346/tools/bin/../lib/gcc/arm-none-eabi/9.3.1/thumb/v7-m/nofp/crtbegin.o

.rodata         0x00000000080066b4     0x2320
                0x00000000080066b4                . = ALIGN (0x4)
 *(.rodata)
 .rodata        0x00000000080066b4      0x620 ./Core/Modules/pc_serial_com/pc_serial_com.o
 .rodata        0x0000000008006cd4       0xaf ./Core/Modules/user_interface/user_interface.o
 *(.rodata*)
 *fill*         0x0000000008006d83        0x1 
 .rodata.AHBPrescTable
                0x0000000008006d84       0x10 ./Core/Src/system_stm32f1xx.o
                0x0000000008006d84                AHBPrescTable
 .rodata.APBPrescTable
                0x0000000008006d94        0x8 ./Core/Src/system_stm32f1xx.o
                0x0000000008006d94                APBPrescTable
 .rodata.Font7x10
                0x0000000008006d9c      0x76c ./Core/lib/ssd1306/ssd1306_fonts.o
 .rodata.Font11x18
                0x0000000008007508      0xd5c ./Core/lib/ssd1306/ssd1306_fonts.o
 .rodata.Font6x8
                0x0000000008008264      0x5f0 ./Core/lib/ssd1306/ssd1306_fonts.o
 .rodata.Font_6x8
                0x0000000008008854        0xc ./Core/lib/ssd1306/ssd1306_fonts.o
                0x0000000008008854                Font_6x8
 .rodata.Font_7x10
                0x0000000008008860        0xc ./Core/lib/ssd1306/ssd1306_fonts.o
                0x0000000008008860                Font_7x10
 .rodata.Font_11x18
                0x000000000800886c        0xc ./Core/lib/ssd1306/ssd1306_fonts.o
                0x000000000800886c                Font_11x18
 .rodata.aPLLMULFactorTable.6580
                0x0000000008008878       0x10 ./Drivers/STM32F1xx_HAL_Driver/Src/stm32f1xx_hal_rcc.o
 .rodata.aPredivFactorTable.6581
                0x0000000008008888        0x2 ./Drivers/STM32F1xx_HAL_Driver/Src/stm32f1xx_hal_rcc.o
 *fill*         0x000000000800888a        0x2 
 .rodata.aPLLMULFactorTable.6515
                0x000000000800888c       0x10 ./Drivers/STM32F1xx_HAL_Driver/Src/stm32f1xx_hal_rcc_ex.o
 .rodata.aPredivFactorTable.6516
                0x000000000800889c        0x2 ./Drivers/STM32F1xx_HAL_Driver/Src/stm32f1xx_hal_rcc_ex.o
 .rodata._ctype_
                0x000000000800889e      0x101 c:/st/stm32cubeide_1.7.0/stm32cubeide/plugins/com.st.stm32cube.ide.mcu.externaltools.gnu-tools-for-stm32.9-2020-q2-update.win32_2.0.0.202105311346/tools/bin/../lib/gcc/arm-none-eabi/9.3.1/../../../../arm-none-eabi/lib/thumb/v7-m/nofp\libc_nano.a(lib_a-ctype_.o)
                0x000000000800889e                _ctype_
 .rodata._svfprintf_r.str1.1
                0x000000000800899f       0x11 c:/st/stm32cubeide_1.7.0/stm32cubeide/plugins/com.st.stm32cube.ide.mcu.externaltools.gnu-tools-for-stm32.9-2020-q2-update.win32_2.0.0.202105311346/tools/bin/../lib/gcc/arm-none-eabi/9.3.1/../../../../arm-none-eabi/lib/thumb/v7-m/nofp\libc_nano.a(lib_a-nano-svfprintf.o)
 .rodata._printf_i.str1.1
                0x00000000080089b0       0x22 c:/st/stm32cubeide_1.7.0/stm32cubeide/plugins/com.st.stm32cube.ide.mcu.externaltools.gnu-tools-for-stm32.9-2020-q2-update.win32_2.0.0.202105311346/tools/bin/../lib/gcc/arm-none-eabi/9.3.1/../../../../arm-none-eabi/lib/thumb/v7-m/nofp\libc_nano.a(lib_a-nano-vfprintf_i.o)
                0x00000000080089d4                . = ALIGN (0x4)
 *fill*         0x00000000080089d2        0x2 

.rel.dyn        0x00000000080089d4        0x0
 .rel.iplt      0x00000000080089d4        0x0 c:/st/stm32cubeide_1.7.0/stm32cubeide/plugins/com.st.stm32cube.ide.mcu.externaltools.gnu-tools-for-stm32.9-2020-q2-update.win32_2.0.0.202105311346/tools/bin/../lib/gcc/arm-none-eabi/9.3.1/thumb/v7-m/nofp/crtbegin.o

.ARM.extab      0x00000000080089d4        0x0
                0x00000000080089d4                . = ALIGN (0x4)
 *(.ARM.extab* .gnu.linkonce.armextab.*)
                0x00000000080089d4                . = ALIGN (0x4)

.ARM            0x00000000080089d4        0x0
                0x00000000080089d4                . = ALIGN (0x4)
                0x00000000080089d4                __exidx_start = .
 *(.ARM.exidx*)
                0x00000000080089d4                __exidx_end = .
                0x00000000080089d4                . = ALIGN (0x4)

.preinit_array  0x00000000080089d4        0x0
                0x00000000080089d4                . = ALIGN (0x4)
                0x00000000080089d4                PROVIDE (__preinit_array_start = .)
 *(.preinit_array*)
                0x00000000080089d4                PROVIDE (__preinit_array_end = .)
                0x00000000080089d4                . = ALIGN (0x4)

.init_array     0x00000000080089d4        0x4
                0x00000000080089d4                . = ALIGN (0x4)
                0x00000000080089d4                PROVIDE (__init_array_start = .)
 *(SORT_BY_NAME(.init_array.*))
 *(.init_array*)
 .init_array    0x00000000080089d4        0x4 c:/st/stm32cubeide_1.7.0/stm32cubeide/plugins/com.st.stm32cube.ide.mcu.externaltools.gnu-tools-for-stm32.9-2020-q2-update.win32_2.0.0.202105311346/tools/bin/../lib/gcc/arm-none-eabi/9.3.1/thumb/v7-m/nofp/crtbegin.o
                0x00000000080089d8                PROVIDE (__init_array_end = .)
                0x00000000080089d8                . = ALIGN (0x4)

.fini_array     0x00000000080089d8        0x4
                0x00000000080089d8                . = ALIGN (0x4)
                [!provide]                        PROVIDE (__fini_array_start = .)
 *(SORT_BY_NAME(.fini_array.*))
 *(.fini_array*)
 .fini_array    0x00000000080089d8        0x4 c:/st/stm32cubeide_1.7.0/stm32cubeide/plugins/com.st.stm32cube.ide.mcu.externaltools.gnu-tools-for-stm32.9-2020-q2-update.win32_2.0.0.202105311346/tools/bin/../lib/gcc/arm-none-eabi/9.3.1/thumb/v7-m/nofp/crtbegin.o
                [!provide]                        PROVIDE (__fini_array_end = .)
                0x00000000080089dc                . = ALIGN (0x4)
                0x00000000080089dc                _sidata = LOADADDR (.data)

.data           0x0000000020000000       0x80 load address 0x00000000080089dc
                0x0000000020000000                . = ALIGN (0x4)
                0x0000000020000000                _sdata = .
 *(.data)
 *(.data*)
 .data.dark_Threshold
                0x0000000020000000        0x2 ./Core/Modules/device_control/device_control.o
                0x0000000020000000                dark_Threshold
 .data.bright_Threshold
                0x0000000020000002        0x2 ./Core/Modules/device_control/device_control.o
                0x0000000020000002                bright_Threshold
 .data.tempOnFan
                0x0000000020000004        0x2 ./Core/Modules/device_control/device_control.o
                0x0000000020000004                tempOnFan
 .data.tempOffFan
                0x0000000020000006        0x2 ./Core/Modules/device_control/device_control.o
                0x0000000020000006                tempOffFan
 .data.led1Mode
                0x0000000020000008        0x1 ./Core/Modules/device_control/device_control.o
                0x0000000020000008                led1Mode
 .data.led2Mode
                0x0000000020000009        0x1 ./Core/Modules/device_control/device_control.o
                0x0000000020000009                led2Mode
 .data.fanMode  0x000000002000000a        0x1 ./Core/Modules/device_control/device_control.o
                0x000000002000000a                fanMode
 .data.lastFanTouchState
                0x000000002000000b        0x1 ./Core/Modules/touch_button/touch_button.o
                0x000000002000000b                lastFanTouchState
 .data.lastLed1TouchState
                0x000000002000000c        0x1 ./Core/Modules/touch_button/touch_button.o
                0x000000002000000c                lastLed1TouchState
 .data.lastLed2TouchState
                0x000000002000000d        0x1 ./Core/Modules/touch_button/touch_button.o
                0x000000002000000d                lastLed2TouchState
 *fill*         0x000000002000000e        0x2 
 .data.SystemCoreClock
                0x0000000020000010        0x4 ./Core/Src/system_stm32f1xx.o
                0x0000000020000010                SystemCoreClock
 .data.uwTickPrio
                0x0000000020000014        0x4 ./Drivers/STM32F1xx_HAL_Driver/Src/stm32f1xx_hal.o
                0x0000000020000014                uwTickPrio
 .data.uwTickFreq
                0x0000000020000018        0x1 ./Drivers/STM32F1xx_HAL_Driver/Src/stm32f1xx_hal.o
                0x0000000020000018                uwTickFreq
 *fill*         0x0000000020000019        0x3 
 .data._impure_ptr
                0x000000002000001c        0x4 c:/st/stm32cubeide_1.7.0/stm32cubeide/plugins/com.st.stm32cube.ide.mcu.externaltools.gnu-tools-for-stm32.9-2020-q2-update.win32_2.0.0.202105311346/tools/bin/../lib/gcc/arm-none-eabi/9.3.1/../../../../arm-none-eabi/lib/thumb/v7-m/nofp\libc_nano.a(lib_a-impure.o)
                0x000000002000001c                _impure_ptr
 .data.impure_data
                0x0000000020000020       0x60 c:/st/stm32cubeide_1.7.0/stm32cubeide/plugins/com.st.stm32cube.ide.mcu.externaltools.gnu-tools-for-stm32.9-2020-q2-update.win32_2.0.0.202105311346/tools/bin/../lib/gcc/arm-none-eabi/9.3.1/../../../../arm-none-eabi/lib/thumb/v7-m/nofp\libc_nano.a(lib_a-impure.o)
 *(.RamFunc)
 *(.RamFunc*)
                0x0000000020000080                . = ALIGN (0x4)
                0x0000000020000080                _edata = .

.igot.plt       0x0000000020000080        0x0 load address 0x0000000008008a5c
 .igot.plt      0x0000000020000080        0x0 c:/st/stm32cubeide_1.7.0/stm32cubeide/plugins/com.st.stm32cube.ide.mcu.externaltools.gnu-tools-for-stm32.9-2020-q2-update.win32_2.0.0.202105311346/tools/bin/../lib/gcc/arm-none-eabi/9.3.1/thumb/v7-m/nofp/crtbegin.o
                0x0000000020000080                . = ALIGN (0x4)

.bss            0x0000000020000080      0x640 load address 0x0000000008008a5c
                0x0000000020000080                _sbss = .
                0x0000000020000080                __bss_start__ = _sbss
 *(.bss)
 .bss           0x0000000020000080       0x1c c:/st/stm32cubeide_1.7.0/stm32cubeide/plugins/com.st.stm32cube.ide.mcu.externaltools.gnu-tools-for-stm32.9-2020-q2-update.win32_2.0.0.202105311346/tools/bin/../lib/gcc/arm-none-eabi/9.3.1/thumb/v7-m/nofp/crtbegin.o
 *(.bss*)
 .bss.led1State
                0x000000002000009c        0x1 ./Core/Modules/device_control/device_control.o
                0x000000002000009c                led1State
 .bss.led2State
                0x000000002000009d        0x1 ./Core/Modules/device_control/device_control.o
                0x000000002000009d                led2State
 .bss.fanState  0x000000002000009e        0x1 ./Core/Modules/device_control/device_control.o
                0x000000002000009e                fanState
 *fill*         0x000000002000009f        0x1 
 .bss.last_readLDR
                0x00000000200000a0        0x4 ./Core/Modules/sensor_manager/sensor_manager.o
                0x00000000200000a0                last_readLDR
 .bss.last_readDHT
                0x00000000200000a4        0x4 ./Core/Modules/sensor_manager/sensor_manager.o
                0x00000000200000a4                last_readDHT
 .bss.temp      0x00000000200000a8        0x2 ./Core/Modules/sensor_manager/sensor_manager.o
                0x00000000200000a8                temp
 .bss.humi      0x00000000200000aa        0x2 ./Core/Modules/sensor_manager/sensor_manager.o
                0x00000000200000aa                humi
 .bss.ldrValue  0x00000000200000ac        0x2 ./Core/Modules/sensor_manager/sensor_manager.o
                0x00000000200000ac                ldrValue
 .bss.radarIndex
                0x00000000200000ae        0x1 ./Core/Modules/sensor_manager/sensor_manager.o
                0x00000000200000ae                radarIndex
 .bss.presenceState
                0x00000000200000af        0x1 ./Core/Modules/sensor_manager/sensor_manager.o
                0x00000000200000af                presenceState
 .bss.movingTarget
                0x00000000200000b0        0x1 ./Core/Modules/sensor_manager/sensor_manager.o
                0x00000000200000b0                movingTarget
 .bss.staticTarget
                0x00000000200000b1        0x1 ./Core/Modules/sensor_manager/sensor_manager.o
                0x00000000200000b1                staticTarget
 *fill*         0x00000000200000b2        0x2 
 .bss.lastFanDebounceTime
                0x00000000200000b4        0x4 ./Core/Modules/touch_button/touch_button.o
                0x00000000200000b4                lastFanDebounceTime
 .bss.lastLed1DebounceTime
                0x00000000200000b8        0x4 ./Core/Modules/touch_button/touch_button.o
                0x00000000200000b8                lastLed1DebounceTime
 .bss.lastLed2DebounceTime
                0x00000000200000bc        0x4 ./Core/Modules/touch_button/touch_button.o
                0x00000000200000bc                lastLed2DebounceTime
 .bss.lastFanTapTime
                0x00000000200000c0        0x4 ./Core/Modules/touch_button/touch_button.o
                0x00000000200000c0                lastFanTapTime
 .bss.fanTapCount
                0x00000000200000c4        0x1 ./Core/Modules/touch_button/touch_button.o
                0x00000000200000c4                fanTapCount
 *fill*         0x00000000200000c5        0x3 
 .bss.lastLed1TapTime
                0x00000000200000c8        0x4 ./Core/Modules/touch_button/touch_button.o
                0x00000000200000c8                lastLed1TapTime
 .bss.led1TapCount
                0x00000000200000cc        0x1 ./Core/Modules/touch_button/touch_button.o
                0x00000000200000cc                led1TapCount
 *fill*         0x00000000200000cd        0x3 
 .bss.lastLed2TapTime
                0x00000000200000d0        0x4 ./Core/Modules/touch_button/touch_button.o
                0x00000000200000d0                lastLed2TapTime
 .bss.led2TapCount
                0x00000000200000d4        0x1 ./Core/Modules/touch_button/touch_button.o
                0x00000000200000d4                led2TapCount
 *fill*         0x00000000200000d5        0x3 
 .bss.last_oled
                0x00000000200000d8        0x4 ./Core/Modules/user_interface/user_interface.o
 .bss.__sbrk_heap_end
                0x00000000200000dc        0x4 ./Core/Src/sysmem.o
 .bss.pMillis   0x00000000200000e0        0x4 ./Core/lib/DHT11/DHT11.o
 .bss.cMillis   0x00000000200000e4        0x4 ./Core/lib/DHT11/DHT11.o
 .bss.SSD1306_Buffer
                0x00000000200000e8      0x400 ./Core/lib/ssd1306/ssd1306.o
 .bss.SSD1306   0x00000000200004e8        0x6 ./Core/lib/ssd1306/ssd1306.o
 *fill*         0x00000000200004ee        0x2 
 .bss.__malloc_free_list
                0x00000000200004f0        0x4 c:/st/stm32cubeide_1.7.0/stm32cubeide/plugins/com.st.stm32cube.ide.mcu.externaltools.gnu-tools-for-stm32.9-2020-q2-update.win32_2.0.0.202105311346/tools/bin/../lib/gcc/arm-none-eabi/9.3.1/../../../../arm-none-eabi/lib/thumb/v7-m/nofp\libc_nano.a(lib_a-nano-mallocr.o)
                0x00000000200004f0                __malloc_free_list
 .bss.__malloc_sbrk_start
                0x00000000200004f4        0x4 c:/st/stm32cubeide_1.7.0/stm32cubeide/plugins/com.st.stm32cube.ide.mcu.externaltools.gnu-tools-for-stm32.9-2020-q2-update.win32_2.0.0.202105311346/tools/bin/../lib/gcc/arm-none-eabi/9.3.1/../../../../arm-none-eabi/lib/thumb/v7-m/nofp\libc_nano.a(lib_a-nano-mallocr.o)
                0x00000000200004f4                __malloc_sbrk_start
 *(COMMON)
 COMMON         0x00000000200004f8       0x50 ./Core/Modules/sensor_manager/sensor_manager.o
                0x00000000200004f8                DHT11
                0x0000000020000508                radarBuffer
 COMMON         0x0000000020000548      0x164 ./Core/Src/main.o
                0x0000000020000548                hi2c1
                0x000000002000059c                rxByte
                0x00000000200005a0                hadc1
                0x00000000200005d0                huart1
                0x0000000020000618                radarRxByte
                0x000000002000061c                htim1
                0x0000000020000664                huart2
 COMMON         0x00000000200006ac        0x4 ./Drivers/STM32F1xx_HAL_Driver/Src/stm32f1xx_hal.o
                0x00000000200006ac                uwTick
 COMMON         0x00000000200006b0        0x4 c:/st/stm32cubeide_1.7.0/stm32cubeide/plugins/com.st.stm32cube.ide.mcu.externaltools.gnu-tools-for-stm32.9-2020-q2-update.win32_2.0.0.202105311346/tools/bin/../lib/gcc/arm-none-eabi/9.3.1/../../../../arm-none-eabi/lib/thumb/v7-m/nofp\libc_nano.a(lib_a-reent.o)
                0x00000000200006b0                errno
 COMMON         0x00000000200006b4        0x9 c:/st/stm32cubeide_1.7.0/stm32cubeide/plugins/com.st.stm32cube.ide.mcu.externaltools.gnu-tools-for-stm32.9-2020-q2-update.win32_2.0.0.202105311346/tools/bin/../lib/gcc/arm-none-eabi/9.3.1/../../../../arm-none-eabi/lib/thumb/v7-m/nofp\libc_nano.a(lib_a-lock.o)
                0x00000000200006b4                __lock___atexit_recursive_mutex
                0x00000000200006b5                __lock___arc4random_mutex
                0x00000000200006b6                __lock___env_recursive_mutex
                0x00000000200006b7                __lock___sinit_recursive_mutex
                0x00000000200006b8                __lock___malloc_recursive_mutex
                0x00000000200006b9                __lock___at_quick_exit_mutex
                0x00000000200006ba                __lock___dd_hash_mutex
                0x00000000200006bb                __lock___tz_mutex
                0x00000000200006bc                __lock___sfp_recursive_mutex
                0x00000000200006c0                . = ALIGN (0x4)
 *fill*         0x00000000200006bd        0x3 
                0x00000000200006c0                _ebss = .
                0x00000000200006c0                __bss_end__ = _ebss

._user_heap_stack
                0x00000000200006c0      0x600 load address 0x0000000008008a5c
                0x00000000200006c0                . = ALIGN (0x8)
                [!provide]                        PROVIDE (end = .)
                0x00000000200006c0                PROVIDE (_end = .)
                0x00000000200008c0                . = (. + _Min_Heap_Size)
 *fill*         0x00000000200006c0      0x200 
                0x0000000020000cc0                . = (. + _Min_Stack_Size)
 *fill*         0x00000000200008c0      0x400 
                0x0000000020000cc0                . = ALIGN (0x8)

/DISCARD/
 libc.a(*)
 libm.a(*)
 libgcc.a(*)

.ARM.attributes
                0x0000000000000000       0x29
 *(.ARM.attributes)
 .ARM.attributes
                0x0000000000000000       0x1d c:/st/stm32cubeide_1.7.0/stm32cubeide/plugins/com.st.stm32cube.ide.mcu.externaltools.gnu-tools-for-stm32.9-2020-q2-update.win32_2.0.0.202105311346/tools/bin/../lib/gcc/arm-none-eabi/9.3.1/thumb/v7-m/nofp/crti.o
 .ARM.attributes
                0x000000000000001d       0x2d c:/st/stm32cubeide_1.7.0/stm32cubeide/plugins/com.st.stm32cube.ide.mcu.externaltools.gnu-tools-for-stm32.9-2020-q2-update.win32_2.0.0.202105311346/tools/bin/../lib/gcc/arm-none-eabi/9.3.1/thumb/v7-m/nofp/crtbegin.o
 .ARM.attributes
                0x000000000000004a       0x2d ./Core/Modules/device_control/device_control.o
 .ARM.attributes
                0x0000000000000077       0x2d ./Core/Modules/pc_serial_com/pc_serial_com.o
 .ARM.attributes
                0x00000000000000a4       0x2d ./Core/Modules/sensor_manager/sensor_manager.o
 .ARM.attributes
                0x00000000000000d1       0x2d ./Core/Modules/smart_home_system/smart_home_system.o
 .ARM.attributes
                0x00000000000000fe       0x2d ./Core/Modules/touch_button/touch_button.o
 .ARM.attributes
                0x000000000000012b       0x2d ./Core/Modules/user_interface/user_interface.o
 .ARM.attributes
                0x0000000000000158       0x2d ./Core/Src/main.o
 .ARM.attributes
                0x0000000000000185       0x2d ./Core/Src/stm32f1xx_hal_msp.o
 .ARM.attributes
                0x00000000000001b2       0x2d ./Core/Src/stm32f1xx_it.o
 .ARM.attributes
                0x00000000000001df       0x2d ./Core/Src/sysmem.o
 .ARM.attributes
                0x000000000000020c       0x2d ./Core/Src/system_stm32f1xx.o
 .ARM.attributes
                0x0000000000000239       0x21 ./Core/Startup/startup_stm32f103c8tx.o
 .ARM.attributes
                0x000000000000025a       0x2d ./Core/lib/DHT11/DHT11.o
 .ARM.attributes
                0x0000000000000287       0x2d ./Core/lib/ssd1306/ssd1306.o
 .ARM.attributes
                0x00000000000002b4       0x33 ./Core/lib/ssd1306/ssd1306_fonts.o
 .ARM.attributes
                0x00000000000002e7       0x2d ./Drivers/STM32F1xx_HAL_Driver/Src/stm32f1xx_hal.o
 .ARM.attributes
                0x0000000000000314       0x2d ./Drivers/STM32F1xx_HAL_Driver/Src/stm32f1xx_hal_adc.o
 .ARM.attributes
                0x0000000000000341       0x2d ./Drivers/STM32F1xx_HAL_Driver/Src/stm32f1xx_hal_cortex.o
 .ARM.attributes
                0x000000000000036e       0x2d ./Drivers/STM32F1xx_HAL_Driver/Src/stm32f1xx_hal_dma.o
 .ARM.attributes
                0x000000000000039b       0x2d ./Drivers/STM32F1xx_HAL_Driver/Src/stm32f1xx_hal_gpio.o
 .ARM.attributes
                0x00000000000003c8       0x2d ./Drivers/STM32F1xx_HAL_Driver/Src/stm32f1xx_hal_i2c.o
 .ARM.attributes
                0x00000000000003f5       0x2d ./Drivers/STM32F1xx_HAL_Driver/Src/stm32f1xx_hal_rcc.o
 .ARM.attributes
                0x0000000000000422       0x2d ./Drivers/STM32F1xx_HAL_Driver/Src/stm32f1xx_hal_rcc_ex.o
 .ARM.attributes
                0x000000000000044f       0x2d ./Drivers/STM32F1xx_HAL_Driver/Src/stm32f1xx_hal_tim.o
 .ARM.attributes
                0x000000000000047c       0x2d ./Drivers/STM32F1xx_HAL_Driver/Src/stm32f1xx_hal_tim_ex.o
 .ARM.attributes
                0x00000000000004a9       0x2d ./Drivers/STM32F1xx_HAL_Driver/Src/stm32f1xx_hal_uart.o
 .ARM.attributes
                0x00000000000004d6       0x2d c:/st/stm32cubeide_1.7.0/stm32cubeide/plugins/com.st.stm32cube.ide.mcu.externaltools.gnu-tools-for-stm32.9-2020-q2-update.win32_2.0.0.202105311346/tools/bin/../lib/gcc/arm-none-eabi/9.3.1/../../../../arm-none-eabi/lib/thumb/v7-m/nofp\libc_nano.a(lib_a-atoi.o)
 .ARM.attributes
                0x0000000000000503       0x2d c:/st/stm32cubeide_1.7.0/stm32cubeide/plugins/com.st.stm32cube.ide.mcu.externaltools.gnu-tools-for-stm32.9-2020-q2-update.win32_2.0.0.202105311346/tools/bin/../lib/gcc/arm-none-eabi/9.3.1/../../../../arm-none-eabi/lib/thumb/v7-m/nofp\libc_nano.a(lib_a-errno.o)
 .ARM.attributes
                0x0000000000000530       0x2d c:/st/stm32cubeide_1.7.0/stm32cubeide/plugins/com.st.stm32cube.ide.mcu.externaltools.gnu-tools-for-stm32.9-2020-q2-update.win32_2.0.0.202105311346/tools/bin/../lib/gcc/arm-none-eabi/9.3.1/../../../../arm-none-eabi/lib/thumb/v7-m/nofp\libc_nano.a(lib_a-impure.o)
 .ARM.attributes
                0x000000000000055d       0x2d c:/st/stm32cubeide_1.7.0/stm32cubeide/plugins/com.st.stm32cube.ide.mcu.externaltools.gnu-tools-for-stm32.9-2020-q2-update.win32_2.0.0.202105311346/tools/bin/../lib/gcc/arm-none-eabi/9.3.1/../../../../arm-none-eabi/lib/thumb/v7-m/nofp\libc_nano.a(lib_a-init.o)
 .ARM.attributes
                0x000000000000058a       0x2d c:/st/stm32cubeide_1.7.0/stm32cubeide/plugins/com.st.stm32cube.ide.mcu.externaltools.gnu-tools-for-stm32.9-2020-q2-update.win32_2.0.0.202105311346/tools/bin/../lib/gcc/arm-none-eabi/9.3.1/../../../../arm-none-eabi/lib/thumb/v7-m/nofp\libc_nano.a(lib_a-memcpy-stub.o)
 .ARM.attributes
                0x00000000000005b7       0x2d c:/st/stm32cubeide_1.7.0/stm32cubeide/plugins/com.st.stm32cube.ide.mcu.externaltools.gnu-tools-for-stm32.9-2020-q2-update.win32_2.0.0.202105311346/tools/bin/../lib/gcc/arm-none-eabi/9.3.1/../../../../arm-none-eabi/lib/thumb/v7-m/nofp\libc_nano.a(lib_a-memmove.o)
 .ARM.attributes
                0x00000000000005e4       0x2d c:/st/stm32cubeide_1.7.0/stm32cubeide/plugins/com.st.stm32cube.ide.mcu.externaltools.gnu-tools-for-stm32.9-2020-q2-update.win32_2.0.0.202105311346/tools/bin/../lib/gcc/arm-none-eabi/9.3.1/../../../../arm-none-eabi/lib/thumb/v7-m/nofp\libc_nano.a(lib_a-memset.o)
 .ARM.attributes
                0x0000000000000611       0x2d c:/st/stm32cubeide_1.7.0/stm32cubeide/plugins/com.st.stm32cube.ide.mcu.externaltools.gnu-tools-for-stm32.9-2020-q2-update.win32_2.0.0.202105311346/tools/bin/../lib/gcc/arm-none-eabi/9.3.1/../../../../arm-none-eabi/lib/thumb/v7-m/nofp\libc_nano.a(lib_a-sprintf.o)
 .ARM.attributes
                0x000000000000063e       0x17 c:/st/stm32cubeide_1.7.0/stm32cubeide/plugins/com.st.stm32cube.ide.mcu.externaltools.gnu-tools-for-stm32.9-2020-q2-update.win32_2.0.0.202105311346/tools/bin/../lib/gcc/arm-none-eabi/9.3.1/../../../../arm-none-eabi/lib/thumb/v7-m/nofp\libc_nano.a(lib_a-strlen.o)
 .ARM.attributes
                0x0000000000000655       0x2d c:/st/stm32cubeide_1.7.0/stm32cubeide/plugins/com.st.stm32cube.ide.mcu.externaltools.gnu-tools-for-stm32.9-2020-q2-update.win32_2.0.0.202105311346/tools/bin/../lib/gcc/arm-none-eabi/9.3.1/../../../../arm-none-eabi/lib/thumb/v7-m/nofp\libc_nano.a(lib_a-strtol.o)
 .ARM.attributes
                0x0000000000000682       0x2d c:/st/stm32cubeide_1.7.0/stm32cubeide/plugins/com.st.stm32cube.ide.mcu.externaltools.gnu-tools-for-stm32.9-2020-q2-update.win32_2.0.0.202105311346/tools/bin/../lib/gcc/arm-none-eabi/9.3.1/../../../../arm-none-eabi/lib/thumb/v7-m/nofp\libc_nano.a(lib_a-ctype_.o)
 .ARM.attributes
                0x00000000000006af       0x2d c:/st/stm32cubeide_1.7.0/stm32cubeide/plugins/com.st.stm32cube.ide.mcu.externaltools.gnu-tools-for-stm32.9-2020-q2-update.win32_2.0.0.202105311346/tools/bin/../lib/gcc/arm-none-eabi/9.3.1/../../../../arm-none-eabi/lib/thumb/v7-m/nofp\libc_nano.a(lib_a-nano-svfprintf.o)
 .ARM.attributes
                0x00000000000006dc       0x2d c:/st/stm32cubeide_1.7.0/stm32cubeide/plugins/com.st.stm32cube.ide.mcu.externaltools.gnu-tools-for-stm32.9-2020-q2-update.win32_2.0.0.202105311346/tools/bin/../lib/gcc/arm-none-eabi/9.3.1/../../../../arm-none-eabi/lib/thumb/v7-m/nofp\libc_nano.a(lib_a-nano-vfprintf_i.o)
 .ARM.attributes
                0x0000000000000709       0x2d c:/st/stm32cubeide_1.7.0/stm32cubeide/plugins/com.st.stm32cube.ide.mcu.externaltools.gnu-tools-for-stm32.9-2020-q2-update.win32_2.0.0.202105311346/tools/bin/../lib/gcc/arm-none-eabi/9.3.1/../../../../arm-none-eabi/lib/thumb/v7-m/nofp\libc_nano.a(lib_a-memchr-stub.o)
 .ARM.attributes
                0x0000000000000736       0x2d c:/st/stm32cubeide_1.7.0/stm32cubeide/plugins/com.st.stm32cube.ide.mcu.externaltools.gnu-tools-for-stm32.9-2020-q2-update.win32_2.0.0.202105311346/tools/bin/../lib/gcc/arm-none-eabi/9.3.1/../../../../arm-none-eabi/lib/thumb/v7-m/nofp\libc_nano.a(lib_a-nano-freer.o)
 .ARM.attributes
                0x0000000000000763       0x2d c:/st/stm32cubeide_1.7.0/stm32cubeide/plugins/com.st.stm32cube.ide.mcu.externaltools.gnu-tools-for-stm32.9-2020-q2-update.win32_2.0.0.202105311346/tools/bin/../lib/gcc/arm-none-eabi/9.3.1/../../../../arm-none-eabi/lib/thumb/v7-m/nofp\libc_nano.a(lib_a-nano-mallocr.o)
 .ARM.attributes
                0x0000000000000790       0x2d c:/st/stm32cubeide_1.7.0/stm32cubeide/plugins/com.st.stm32cube.ide.mcu.externaltools.gnu-tools-for-stm32.9-2020-q2-update.win32_2.0.0.202105311346/tools/bin/../lib/gcc/arm-none-eabi/9.3.1/../../../../arm-none-eabi/lib/thumb/v7-m/nofp\libc_nano.a(lib_a-nano-reallocr.o)
 .ARM.attributes
                0x00000000000007bd       0x2d c:/st/stm32cubeide_1.7.0/stm32cubeide/plugins/com.st.stm32cube.ide.mcu.externaltools.gnu-tools-for-stm32.9-2020-q2-update.win32_2.0.0.202105311346/tools/bin/../lib/gcc/arm-none-eabi/9.3.1/../../../../arm-none-eabi/lib/thumb/v7-m/nofp\libc_nano.a(lib_a-sbrkr.o)
 .ARM.attributes
                0x00000000000007ea       0x2d c:/st/stm32cubeide_1.7.0/stm32cubeide/plugins/com.st.stm32cube.ide.mcu.externaltools.gnu-tools-for-stm32.9-2020-q2-update.win32_2.0.0.202105311346/tools/bin/../lib/gcc/arm-none-eabi/9.3.1/../../../../arm-none-eabi/lib/thumb/v7-m/nofp\libc_nano.a(lib_a-mlock.o)
 .ARM.attributes
                0x0000000000000817       0x2d c:/st/stm32cubeide_1.7.0/stm32cubeide/plugins/com.st.stm32cube.ide.mcu.externaltools.gnu-tools-for-stm32.9-2020-q2-update.win32_2.0.0.202105311346/tools/bin/../lib/gcc/arm-none-eabi/9.3.1/../../../../arm-none-eabi/lib/thumb/v7-m/nofp\libc_nano.a(lib_a-nano-msizer.o)
 .ARM.attributes
                0x0000000000000844       0x2d c:/st/stm32cubeide_1.7.0/stm32cubeide/plugins/com.st.stm32cube.ide.mcu.externaltools.gnu-tools-for-stm32.9-2020-q2-update.win32_2.0.0.202105311346/tools/bin/../lib/gcc/arm-none-eabi/9.3.1/../../../../arm-none-eabi/lib/thumb/v7-m/nofp\libc_nano.a(lib_a-reent.o)
 .ARM.attributes
                0x0000000000000871       0x2d c:/st/stm32cubeide_1.7.0/stm32cubeide/plugins/com.st.stm32cube.ide.mcu.externaltools.gnu-tools-for-stm32.9-2020-q2-update.win32_2.0.0.202105311346/tools/bin/../lib/gcc/arm-none-eabi/9.3.1/../../../../arm-none-eabi/lib/thumb/v7-m/nofp\libc_nano.a(lib_a-lock.o)
 .ARM.attributes
                0x000000000000089e       0x1d c:/st/stm32cubeide_1.7.0/stm32cubeide/plugins/com.st.stm32cube.ide.mcu.externaltools.gnu-tools-for-stm32.9-2020-q2-update.win32_2.0.0.202105311346/tools/bin/../lib/gcc/arm-none-eabi/9.3.1/thumb/v7-m/nofp/crtn.o
OUTPUT(SmartHome.elf elf32-littlearm)
LOAD linker stubs
LOAD c:/st/stm32cubeide_1.7.0/stm32cubeide/plugins/com.st.stm32cube.ide.mcu.externaltools.gnu-tools-for-stm32.9-2020-q2-update.win32_2.0.0.202105311346/tools/bin/../lib/gcc/arm-none-eabi/9.3.1/../../../../arm-none-eabi/lib/thumb/v7-m/nofp\libc.a
LOAD c:/st/stm32cubeide_1.7.0/stm32cubeide/plugins/com.st.stm32cube.ide.mcu.externaltools.gnu-tools-for-stm32.9-2020-q2-update.win32_2.0.0.202105311346/tools/bin/../lib/gcc/arm-none-eabi/9.3.1/../../../../arm-none-eabi/lib/thumb/v7-m/nofp\libm.a
LOAD c:/st/stm32cubeide_1.7.0/stm32cubeide/plugins/com.st.stm32cube.ide.mcu.externaltools.gnu-tools-for-stm32.9-2020-q2-update.win32_2.0.0.202105311346/tools/bin/../lib/gcc/arm-none-eabi/9.3.1/thumb/v7-m/nofp\libgcc.a

.debug_info     0x0000000000000000    0x179f9
 .debug_info    0x0000000000000000      0x38b ./Core/Modules/device_control/device_control.o
 .debug_info    0x000000000000038b     0x1053 ./Core/Modules/pc_serial_com/pc_serial_com.o
 .debug_info    0x00000000000013de      0xc1d ./Core/Modules/sensor_manager/sensor_manager.o
 .debug_info    0x0000000000001ffb      0x27c ./Core/Modules/smart_home_system/smart_home_system.o
 .debug_info    0x0000000000002277      0x3bd ./Core/Modules/touch_button/touch_button.o
 .debug_info    0x0000000000002634     0x111c ./Core/Modules/user_interface/user_interface.o
 .debug_info    0x0000000000003750     0x148a ./Core/Src/main.o
 .debug_info    0x0000000000004bda     0x142b ./Core/Src/stm32f1xx_hal_msp.o
 .debug_info    0x0000000000006005      0x707 ./Core/Src/stm32f1xx_it.o
 .debug_info    0x000000000000670c      0xa25 ./Core/Src/sysmem.o
 .debug_info    0x0000000000007131      0x2be ./Core/Src/system_stm32f1xx.o
 .debug_info    0x00000000000073ef       0x22 ./Core/Startup/startup_stm32f103c8tx.o
 .debug_info    0x0000000000007411      0xa02 ./Core/lib/DHT11/DHT11.o
 .debug_info    0x0000000000007e13     0x1bbd ./Core/lib/ssd1306/ssd1306.o
 .debug_info    0x00000000000099d0      0x8a9 ./Core/lib/ssd1306/ssd1306_fonts.o
 .debug_info    0x000000000000a279      0x76a ./Drivers/STM32F1xx_HAL_Driver/Src/stm32f1xx_hal.o
 .debug_info    0x000000000000a9e3      0xd52 ./Drivers/STM32F1xx_HAL_Driver/Src/stm32f1xx_hal_adc.o
 .debug_info    0x000000000000b735      0xbdc ./Drivers/STM32F1xx_HAL_Driver/Src/stm32f1xx_hal_cortex.o
 .debug_info    0x000000000000c311      0x823 ./Drivers/STM32F1xx_HAL_Driver/Src/stm32f1xx_hal_dma.o
 .debug_info    0x000000000000cb34      0x701 ./Drivers/STM32F1xx_HAL_Driver/Src/stm32f1xx_hal_gpio.o
 .debug_info    0x000000000000d235     0x27cb ./Drivers/STM32F1xx_HAL_Driver/Src/stm32f1xx_hal_i2c.o
 .debug_info    0x000000000000fa00      0x893 ./Drivers/STM32F1xx_HAL_Driver/Src/stm32f1xx_hal_rcc.o
 .debug_info    0x0000000000010293      0x486 ./Drivers/STM32F1xx_HAL_Driver/Src/stm32f1xx_hal_rcc_ex.o
 .debug_info    0x0000000000010719     0x2c32 ./Drivers/STM32F1xx_HAL_Driver/Src/stm32f1xx_hal_tim.o
 .debug_info    0x000000000001334b     0x157f ./Drivers/STM32F1xx_HAL_Driver/Src/stm32f1xx_hal_tim_ex.o
 .debug_info    0x00000000000148ca     0x312f ./Drivers/STM32F1xx_HAL_Driver/Src/stm32f1xx_hal_uart.o

.debug_abbrev   0x0000000000000000     0x32ec
 .debug_abbrev  0x0000000000000000      0x107 ./Core/Modules/device_control/device_control.o
 .debug_abbrev  0x0000000000000107      0x22f ./Core/Modules/pc_serial_com/pc_serial_com.o
 .debug_abbrev  0x0000000000000336      0x22e ./Core/Modules/sensor_manager/sensor_manager.o
 .debug_abbrev  0x0000000000000564       0xb8 ./Core/Modules/smart_home_system/smart_home_system.o
 .debug_abbrev  0x000000000000061c      0x11c ./Core/Modules/touch_button/touch_button.o
 .debug_abbrev  0x0000000000000738      0x1fc ./Core/Modules/user_interface/user_interface.o
 .debug_abbrev  0x0000000000000934      0x2a3 ./Core/Src/main.o
 .debug_abbrev  0x0000000000000bd7      0x222 ./Core/Src/stm32f1xx_hal_msp.o
 .debug_abbrev  0x0000000000000df9      0x163 ./Core/Src/stm32f1xx_it.o
 .debug_abbrev  0x0000000000000f5c      0x1bf ./Core/Src/sysmem.o
 .debug_abbrev  0x000000000000111b      0x14e ./Core/Src/system_stm32f1xx.o
 .debug_abbrev  0x0000000000001269       0x12 ./Core/Startup/startup_stm32f103c8tx.o
 .debug_abbrev  0x000000000000127b      0x205 ./Core/lib/DHT11/DHT11.o
 .debug_abbrev  0x0000000000001480      0x3bf ./Core/lib/ssd1306/ssd1306.o
 .debug_abbrev  0x000000000000183f      0x165 ./Core/lib/ssd1306/ssd1306_fonts.o
 .debug_abbrev  0x00000000000019a4      0x1ed ./Drivers/STM32F1xx_HAL_Driver/Src/stm32f1xx_hal.o
 .debug_abbrev  0x0000000000001b91      0x1fb ./Drivers/STM32F1xx_HAL_Driver/Src/stm32f1xx_hal_adc.o
 .debug_abbrev  0x0000000000001d8c      0x313 ./Drivers/STM32F1xx_HAL_Driver/Src/stm32f1xx_hal_cortex.o
 .debug_abbrev  0x000000000000209f      0x228 ./Drivers/STM32F1xx_HAL_Driver/Src/stm32f1xx_hal_dma.o
 .debug_abbrev  0x00000000000022c7      0x1e8 ./Drivers/STM32F1xx_HAL_Driver/Src/stm32f1xx_hal_gpio.o
 .debug_abbrev  0x00000000000024af      0x288 ./Drivers/STM32F1xx_HAL_Driver/Src/stm32f1xx_hal_i2c.o
 .debug_abbrev  0x0000000000002737      0x273 ./Drivers/STM32F1xx_HAL_Driver/Src/stm32f1xx_hal_rcc.o
 .debug_abbrev  0x00000000000029aa      0x193 ./Drivers/STM32F1xx_HAL_Driver/Src/stm32f1xx_hal_rcc_ex.o
 .debug_abbrev  0x0000000000002b3d      0x25e ./Drivers/STM32F1xx_HAL_Driver/Src/stm32f1xx_hal_tim.o
 .debug_abbrev  0x0000000000002d9b      0x266 ./Drivers/STM32F1xx_HAL_Driver/Src/stm32f1xx_hal_tim_ex.o
 .debug_abbrev  0x0000000000003001      0x2eb ./Drivers/STM32F1xx_HAL_Driver/Src/stm32f1xx_hal_uart.o

.debug_aranges  0x0000000000000000     0x1230
 .debug_aranges
                0x0000000000000000       0x20 ./Core/Modules/device_control/device_control.o
 .debug_aranges
                0x0000000000000020       0x28 ./Core/Modules/pc_serial_com/pc_serial_com.o
 .debug_aranges
                0x0000000000000048       0x40 ./Core/Modules/sensor_manager/sensor_manager.o
 .debug_aranges
                0x0000000000000088       0x28 ./Core/Modules/smart_home_system/smart_home_system.o
 .debug_aranges
                0x00000000000000b0       0x20 ./Core/Modules/touch_button/touch_button.o
 .debug_aranges
                0x00000000000000d0       0x28 ./Core/Modules/user_interface/user_interface.o
 .debug_aranges
                0x00000000000000f8       0x68 ./Core/Src/main.o
 .debug_aranges
                0x0000000000000160       0x60 ./Core/Src/stm32f1xx_hal_msp.o
 .debug_aranges
                0x00000000000001c0       0x70 ./Core/Src/stm32f1xx_it.o
 .debug_aranges
                0x0000000000000230       0x20 ./Core/Src/sysmem.o
 .debug_aranges
                0x0000000000000250       0x28 ./Core/Src/system_stm32f1xx.o
 .debug_aranges
                0x0000000000000278       0x28 ./Core/Startup/startup_stm32f103c8tx.o
 .debug_aranges
                0x00000000000002a0       0x40 ./Core/lib/DHT11/DHT11.o
 .debug_aranges
                0x00000000000002e0       0xe8 ./Core/lib/ssd1306/ssd1306.o
 .debug_aranges
                0x00000000000003c8       0x18 ./Core/lib/ssd1306/ssd1306_fonts.o
 .debug_aranges
                0x00000000000003e0       0xe0 ./Drivers/STM32F1xx_HAL_Driver/Src/stm32f1xx_hal.o
 .debug_aranges
                0x00000000000004c0       0xf0 ./Drivers/STM32F1xx_HAL_Driver/Src/stm32f1xx_hal_adc.o
 .debug_aranges
                0x00000000000005b0      0x100 ./Drivers/STM32F1xx_HAL_Driver/Src/stm32f1xx_hal_cortex.o
 .debug_aranges
                0x00000000000006b0       0x80 ./Drivers/STM32F1xx_HAL_Driver/Src/stm32f1xx_hal_dma.o
 .debug_aranges
                0x0000000000000730       0x58 ./Drivers/STM32F1xx_HAL_Driver/Src/stm32f1xx_hal_gpio.o
 .debug_aranges
                0x0000000000000788      0x2a8 ./Drivers/STM32F1xx_HAL_Driver/Src/stm32f1xx_hal_i2c.o
 .debug_aranges
                0x0000000000000a30       0x90 ./Drivers/STM32F1xx_HAL_Driver/Src/stm32f1xx_hal_rcc.o
 .debug_aranges
                0x0000000000000ac0       0x30 ./Drivers/STM32F1xx_HAL_Driver/Src/stm32f1xx_hal_rcc_ex.o
 .debug_aranges
                0x0000000000000af0      0x3d0 ./Drivers/STM32F1xx_HAL_Driver/Src/stm32f1xx_hal_tim.o
 .debug_aranges
                0x0000000000000ec0      0x168 ./Drivers/STM32F1xx_HAL_Driver/Src/stm32f1xx_hal_tim_ex.o
 .debug_aranges
                0x0000000000001028      0x208 ./Drivers/STM32F1xx_HAL_Driver/Src/stm32f1xx_hal_uart.o

.debug_ranges   0x0000000000000000     0x10d8
 .debug_ranges  0x0000000000000000       0x10 ./Core/Modules/device_control/device_control.o
 .debug_ranges  0x0000000000000010       0x18 ./Core/Modules/pc_serial_com/pc_serial_com.o
 .debug_ranges  0x0000000000000028       0x30 ./Core/Modules/sensor_manager/sensor_manager.o
 .debug_ranges  0x0000000000000058       0x18 ./Core/Modules/smart_home_system/smart_home_system.o
 .debug_ranges  0x0000000000000070       0x10 ./Core/Modules/touch_button/touch_button.o
 .debug_ranges  0x0000000000000080       0x18 ./Core/Modules/user_interface/user_interface.o
 .debug_ranges  0x0000000000000098       0x58 ./Core/Src/main.o
 .debug_ranges  0x00000000000000f0       0x50 ./Core/Src/stm32f1xx_hal_msp.o
 .debug_ranges  0x0000000000000140       0x60 ./Core/Src/stm32f1xx_it.o
 .debug_ranges  0x00000000000001a0       0x10 ./Core/Src/sysmem.o
 .debug_ranges  0x00000000000001b0       0x18 ./Core/Src/system_stm32f1xx.o
 .debug_ranges  0x00000000000001c8       0x20 ./Core/Startup/startup_stm32f103c8tx.o
 .debug_ranges  0x00000000000001e8       0x30 ./Core/lib/DHT11/DHT11.o
 .debug_ranges  0x0000000000000218       0xd8 ./Core/lib/ssd1306/ssd1306.o
 .debug_ranges  0x00000000000002f0       0xd0 ./Drivers/STM32F1xx_HAL_Driver/Src/stm32f1xx_hal.o
 .debug_ranges  0x00000000000003c0       0xe0 ./Drivers/STM32F1xx_HAL_Driver/Src/stm32f1xx_hal_adc.o
 .debug_ranges  0x00000000000004a0       0xf0 ./Drivers/STM32F1xx_HAL_Driver/Src/stm32f1xx_hal_cortex.o
 .debug_ranges  0x0000000000000590       0x70 ./Drivers/STM32F1xx_HAL_Driver/Src/stm32f1xx_hal_dma.o
 .debug_ranges  0x0000000000000600       0x48 ./Drivers/STM32F1xx_HAL_Driver/Src/stm32f1xx_hal_gpio.o
 .debug_ranges  0x0000000000000648      0x2b0 ./Drivers/STM32F1xx_HAL_Driver/Src/stm32f1xx_hal_i2c.o
 .debug_ranges  0x00000000000008f8       0x80 ./Drivers/STM32F1xx_HAL_Driver/Src/stm32f1xx_hal_rcc.o
 .debug_ranges  0x0000000000000978       0x20 ./Drivers/STM32F1xx_HAL_Driver/Src/stm32f1xx_hal_rcc_ex.o
 .debug_ranges  0x0000000000000998      0x3c0 ./Drivers/STM32F1xx_HAL_Driver/Src/stm32f1xx_hal_tim.o
 .debug_ranges  0x0000000000000d58      0x158 ./Drivers/STM32F1xx_HAL_Driver/Src/stm32f1xx_hal_tim_ex.o
 .debug_ranges  0x0000000000000eb0      0x228 ./Drivers/STM32F1xx_HAL_Driver/Src/stm32f1xx_hal_uart.o

.debug_macro    0x0000000000000000    0x1d71e
 .debug_macro   0x0000000000000000      0x203 ./Core/Modules/device_control/device_control.o
 .debug_macro   0x0000000000000203      0xa9c ./Core/Modules/device_control/device_control.o
 .debug_macro   0x0000000000000c9f      0x227 ./Core/Modules/device_control/device_control.o
 .debug_macro   0x0000000000000ec6       0x2e ./Core/Modules/device_control/device_control.o
 .debug_macro   0x0000000000000ef4       0x22 ./Core/Modules/device_control/device_control.o
 .debug_macro   0x0000000000000f16       0x22 ./Core/Modules/device_control/device_control.o
 .debug_macro   0x0000000000000f38       0x8e ./Core/Modules/device_control/device_control.o
 .debug_macro   0x0000000000000fc6       0x51 ./Core/Modules/device_control/device_control.o
 .debug_macro   0x0000000000001017      0x103 ./Core/Modules/device_control/device_control.o
 .debug_macro   0x000000000000111a       0x6a ./Core/Modules/device_control/device_control.o
 .debug_macro   0x0000000000001184      0x1df ./Core/Modules/device_control/device_control.o
 .debug_macro   0x0000000000001363       0x1c ./Core/Modules/device_control/device_control.o
 .debug_macro   0x000000000000137f       0x22 ./Core/Modules/device_control/device_control.o
 .debug_macro   0x00000000000013a1       0xc3 ./Core/Modules/device_control/device_control.o
 .debug_macro   0x0000000000001464      0xd23 ./Core/Modules/device_control/device_control.o
 .debug_macro   0x0000000000002187     0xe09e ./Core/Modules/device_control/device_control.o
 .debug_macro   0x0000000000010225       0x6d ./Core/Modules/device_control/device_control.o
 .debug_macro   0x0000000000010292     0x34a2 ./Core/Modules/device_control/device_control.o
 .debug_macro   0x0000000000013734      0x174 ./Core/Modules/device_control/device_control.o
 .debug_macro   0x00000000000138a8       0x5c ./Core/Modules/device_control/device_control.o
 .debug_macro   0x0000000000013904      0x5bc ./Core/Modules/device_control/device_control.o
 .debug_macro   0x0000000000013ec0      0x289 ./Core/Modules/device_control/device_control.o
 .debug_macro   0x0000000000014149      0x1cb ./Core/Modules/device_control/device_control.o
 .debug_macro   0x0000000000014314      0x114 ./Core/Modules/device_control/device_control.o
 .debug_macro   0x0000000000014428      0x1b2 ./Core/Modules/device_control/device_control.o
 .debug_macro   0x00000000000145da       0x27 ./Core/Modules/device_control/device_control.o
 .debug_macro   0x0000000000014601      0x136 ./Core/Modules/device_control/device_control.o
 .debug_macro   0x0000000000014737      0x1bc ./Core/Modules/device_control/device_control.o
 .debug_macro   0x00000000000148f3       0x34 ./Core/Modules/device_control/device_control.o
 .debug_macro   0x0000000000014927       0x3c ./Core/Modules/device_control/device_control.o
 .debug_macro   0x0000000000014963       0x57 ./Core/Modules/device_control/device_control.o
 .debug_macro   0x00000000000149ba      0x46a ./Core/Modules/device_control/device_control.o
 .debug_macro   0x0000000000014e24      0x1b5 ./Core/Modules/device_control/device_control.o
 .debug_macro   0x0000000000014fd9       0x87 ./Core/Modules/device_control/device_control.o
 .debug_macro   0x0000000000015060      0x240 ./Core/Modules/device_control/device_control.o
 .debug_macro   0x00000000000152a0      0x287 ./Core/Modules/device_control/device_control.o
 .debug_macro   0x0000000000015527      0x140 ./Core/Modules/device_control/device_control.o
 .debug_macro   0x0000000000015667      0x8ed ./Core/Modules/device_control/device_control.o
 .debug_macro   0x0000000000015f54      0x28e ./Core/Modules/device_control/device_control.o
 .debug_macro   0x00000000000161e2       0x83 ./Core/Modules/device_control/device_control.o
 .debug_macro   0x0000000000016265      0x3ac ./Core/Modules/pc_serial_com/pc_serial_com.o
 .debug_macro   0x0000000000016611       0x52 ./Core/Modules/pc_serial_com/pc_serial_com.o
 .debug_macro   0x0000000000016663       0x18 ./Core/Modules/pc_serial_com/pc_serial_com.o
 .debug_macro   0x000000000001667b       0x3c ./Core/Modules/pc_serial_com/pc_serial_com.o
 .debug_macro   0x00000000000166b7       0x34 ./Core/Modules/pc_serial_com/pc_serial_com.o
 .debug_macro   0x00000000000166eb       0x16 ./Core/Modules/pc_serial_com/pc_serial_com.o
 .debug_macro   0x0000000000016701       0x35 ./Core/Modules/pc_serial_com/pc_serial_com.o
 .debug_macro   0x0000000000016736      0x333 ./Core/Modules/pc_serial_com/pc_serial_com.o
 .debug_macro   0x0000000000016a69       0x10 ./Core/Modules/pc_serial_com/pc_serial_com.o
 .debug_macro   0x0000000000016a79       0x16 ./Core/Modules/pc_serial_com/pc_serial_com.o
 .debug_macro   0x0000000000016a8f       0x43 ./Core/Modules/pc_serial_com/pc_serial_com.o
 .debug_macro   0x0000000000016ad2       0x34 ./Core/Modules/pc_serial_com/pc_serial_com.o
 .debug_macro   0x0000000000016b06       0x10 ./Core/Modules/pc_serial_com/pc_serial_com.o
 .debug_macro   0x0000000000016b16       0x58 ./Core/Modules/pc_serial_com/pc_serial_com.o
 .debug_macro   0x0000000000016b6e       0x71 ./Core/Modules/pc_serial_com/pc_serial_com.o
 .debug_macro   0x0000000000016bdf       0x1c ./Core/Modules/pc_serial_com/pc_serial_com.o
 .debug_macro   0x0000000000016bfb      0x12a ./Core/Modules/pc_serial_com/pc_serial_com.o
 .debug_macro   0x0000000000016d25       0x10 ./Core/Modules/pc_serial_com/pc_serial_com.o
 .debug_macro   0x0000000000016d35       0x1c ./Core/Modules/pc_serial_com/pc_serial_com.o
 .debug_macro   0x0000000000016d51       0x52 ./Core/Modules/pc_serial_com/pc_serial_com.o
 .debug_macro   0x0000000000016da3       0x22 ./Core/Modules/pc_serial_com/pc_serial_com.o
 .debug_macro   0x0000000000016dc5       0x10 ./Core/Modules/pc_serial_com/pc_serial_com.o
 .debug_macro   0x0000000000016dd5       0x40 ./Core/Modules/pc_serial_com/pc_serial_com.o
 .debug_macro   0x0000000000016e15       0xd5 ./Core/Modules/pc_serial_com/pc_serial_com.o
 .debug_macro   0x0000000000016eea       0x1c ./Core/Modules/pc_serial_com/pc_serial_com.o
 .debug_macro   0x0000000000016f06       0x3d ./Core/Modules/pc_serial_com/pc_serial_com.o
 .debug_macro   0x0000000000016f43       0x16 ./Core/Modules/pc_serial_com/pc_serial_com.o
 .debug_macro   0x0000000000016f59      0x145 ./Core/Modules/pc_serial_com/pc_serial_com.o
 .debug_macro   0x000000000001709e       0x16 ./Core/Modules/pc_serial_com/pc_serial_com.o
 .debug_macro   0x00000000000170b4       0x20 ./Core/Modules/pc_serial_com/pc_serial_com.o
 .debug_macro   0x00000000000170d4       0x16 ./Core/Modules/pc_serial_com/pc_serial_com.o
 .debug_macro   0x00000000000170ea       0x16 ./Core/Modules/pc_serial_com/pc_serial_com.o
 .debug_macro   0x0000000000017100       0x29 ./Core/Modules/pc_serial_com/pc_serial_com.o
 .debug_macro   0x0000000000017129      0x1df ./Core/Modules/sensor_manager/sensor_manager.o
 .debug_macro   0x0000000000017308      0x1fd ./Core/Modules/smart_home_system/smart_home_system.o
 .debug_macro   0x0000000000017505      0x203 ./Core/Modules/touch_button/touch_button.o
 .debug_macro   0x0000000000017708      0x372 ./Core/Modules/user_interface/user_interface.o
 .debug_macro   0x0000000000017a7a       0x46 ./Core/Modules/user_interface/user_interface.o
 .debug_macro   0x0000000000017ac0       0x4c ./Core/Modules/user_interface/user_interface.o
 .debug_macro   0x0000000000017b0c      0x1e9 ./Core/Src/main.o
 .debug_macro   0x0000000000017cf5      0x1cb ./Core/Src/stm32f1xx_hal_msp.o
 .debug_macro   0x0000000000017ec0      0x1d5 ./Core/Src/stm32f1xx_it.o
 .debug_macro   0x0000000000018095       0xff ./Core/Src/sysmem.o
 .debug_macro   0x0000000000018194      0x23b ./Core/Src/sysmem.o
 .debug_macro   0x00000000000183cf      0x1c1 ./Core/Src/system_stm32f1xx.o
 .debug_macro   0x0000000000018590      0x1cb ./Core/lib/DHT11/DHT11.o
 .debug_macro   0x000000000001875b      0x2ec ./Core/lib/ssd1306/ssd1306.o
 .debug_macro   0x0000000000018a47     0x34be ./Core/lib/ssd1306/ssd1306.o
 .debug_macro   0x000000000001bf05      0x1a9 ./Core/lib/ssd1306/ssd1306.o
 .debug_macro   0x000000000001c0ae      0x217 ./Core/lib/ssd1306/ssd1306_fonts.o
 .debug_macro   0x000000000001c2c5      0x1e5 ./Drivers/STM32F1xx_HAL_Driver/Src/stm32f1xx_hal.o
 .debug_macro   0x000000000001c4aa      0x1de ./Drivers/STM32F1xx_HAL_Driver/Src/stm32f1xx_hal_adc.o
 .debug_macro   0x000000000001c688      0x1c1 ./Drivers/STM32F1xx_HAL_Driver/Src/stm32f1xx_hal_cortex.o
 .debug_macro   0x000000000001c849      0x1c1 ./Drivers/STM32F1xx_HAL_Driver/Src/stm32f1xx_hal_dma.o
 .debug_macro   0x000000000001ca0a      0x22c ./Drivers/STM32F1xx_HAL_Driver/Src/stm32f1xx_hal_gpio.o
 .debug_macro   0x000000000001cc36      0x20f ./Drivers/STM32F1xx_HAL_Driver/Src/stm32f1xx_hal_i2c.o
 .debug_macro   0x000000000001ce45      0x1d3 ./Drivers/STM32F1xx_HAL_Driver/Src/stm32f1xx_hal_rcc.o
 .debug_macro   0x000000000001d018      0x1c1 ./Drivers/STM32F1xx_HAL_Driver/Src/stm32f1xx_hal_rcc_ex.o
 .debug_macro   0x000000000001d1d9      0x1c2 ./Drivers/STM32F1xx_HAL_Driver/Src/stm32f1xx_hal_tim.o
 .debug_macro   0x000000000001d39b      0x1c1 ./Drivers/STM32F1xx_HAL_Driver/Src/stm32f1xx_hal_tim_ex.o
 .debug_macro   0x000000000001d55c      0x1c2 ./Drivers/STM32F1xx_HAL_Driver/Src/stm32f1xx_hal_uart.o

.debug_line     0x0000000000000000    0x18404
 .debug_line    0x0000000000000000      0x7a7 ./Core/Modules/device_control/device_control.o
 .debug_line    0x00000000000007a7      0xe4b ./Core/Modules/pc_serial_com/pc_serial_com.o
 .debug_line    0x00000000000015f2      0x8a4 ./Core/Modules/sensor_manager/sensor_manager.o
 .debug_line    0x0000000000001e96      0x82f ./Core/Modules/smart_home_system/smart_home_system.o
 .debug_line    0x00000000000026c5      0x816 ./Core/Modules/touch_button/touch_button.o
 .debug_line    0x0000000000002edb      0xadd ./Core/Modules/user_interface/user_interface.o
 .debug_line    0x00000000000039b8      0x9e3 ./Core/Src/main.o
 .debug_line    0x000000000000439b      0x81f ./Core/Src/stm32f1xx_hal_msp.o
 .debug_line    0x0000000000004bba      0x7b7 ./Core/Src/stm32f1xx_it.o
 .debug_line    0x0000000000005371      0x4f8 ./Core/Src/sysmem.o
 .debug_line    0x0000000000005869      0x743 ./Core/Src/system_stm32f1xx.o
 .debug_line    0x0000000000005fac       0x86 ./Core/Startup/startup_stm32f103c8tx.o
 .debug_line    0x0000000000006032      0x861 ./Core/lib/DHT11/DHT11.o
 .debug_line    0x0000000000006893     0x10f0 ./Core/lib/ssd1306/ssd1306.o
 .debug_line    0x0000000000007983      0x7c2 ./Core/lib/ssd1306/ssd1306_fonts.o
 .debug_line    0x0000000000008145      0x970 ./Drivers/STM32F1xx_HAL_Driver/Src/stm32f1xx_hal.o
 .debug_line    0x0000000000008ab5      0xff5 ./Drivers/STM32F1xx_HAL_Driver/Src/stm32f1xx_hal_adc.o
 .debug_line    0x0000000000009aaa      0xb58 ./Drivers/STM32F1xx_HAL_Driver/Src/stm32f1xx_hal_cortex.o
 .debug_line    0x000000000000a602      0xdc9 ./Drivers/STM32F1xx_HAL_Driver/Src/stm32f1xx_hal_dma.o
 .debug_line    0x000000000000b3cb      0xa09 ./Drivers/STM32F1xx_HAL_Driver/Src/stm32f1xx_hal_gpio.o
 .debug_line    0x000000000000bdd4     0x3b06 ./Drivers/STM32F1xx_HAL_Driver/Src/stm32f1xx_hal_i2c.o
 .debug_line    0x000000000000f8da      0xd7c ./Drivers/STM32F1xx_HAL_Driver/Src/stm32f1xx_hal_rcc.o
 .debug_line    0x0000000000010656      0x8b7 ./Drivers/STM32F1xx_HAL_Driver/Src/stm32f1xx_hal_rcc_ex.o
 .debug_line    0x0000000000010f0d     0x340a ./Drivers/STM32F1xx_HAL_Driver/Src/stm32f1xx_hal_tim.o
 .debug_line    0x0000000000014317     0x18b6 ./Drivers/STM32F1xx_HAL_Driver/Src/stm32f1xx_hal_tim_ex.o
 .debug_line    0x0000000000015bcd     0x2837 ./Drivers/STM32F1xx_HAL_Driver/Src/stm32f1xx_hal_uart.o

.debug_str      0x0000000000000000    0x93b50
 .debug_str     0x0000000000000000    0x89839 ./Core/Modules/device_control/device_control.o
                                      0x89b81 (size before relaxing)
 .debug_str     0x0000000000089839     0x4588 ./Core/Modules/pc_serial_com/pc_serial_com.o